Ms, Ms, Ms, Ms, Ms, Ms, Ms, Ms, Ms, Ms, Ms, Ms, Ms, Ha, Ha, Ha, Aa^Vaa, Aa^Vaa, Aa^Vaa, Aa^Vaa, Aa^Vaa, Ha, Ha, Ha, Ms, Ms, Ms, Ms, Ms, Ha, Ha, Ha, Ms, Ms, Ms, Ms, Ms, Ms, Ms, Ms, Ms, Ms, Ms, Ms, Ms, Ms, Ms^Xm, Ms, Ms, Ms, Ha, Ha, Ha, Ha, Ms^Xm, Ha, Ms, Ha, Ms, Ms, Ms, Ms, Ms^Xm, Ms^Xm, Ms^Xm, Ms^Xm, Ms^Xm, Ms^Xm, Ms, Ms^Xm, Ms^Xm, Ms, Ms^Xm, Ms, Ms^Xm, Ms, Ms^Xm, Ha, Ha, Ha, Ha, Ha, Ha, Ha, Ha, Ha, Ha, Ha, Ha, Ha, Ha, Ha, Ms, Ms, Ms, Ms, Ms, Ms, Ms, Ms, Ms, Gg
Ms, Ms, Ms, Ms, Ms, Ms, Ms, Ms, Ms, Ms, Ms, Ms, Ms, Ms, Ms, Ha, Aa^Vaa, Aa^Vaa, Aa^Vaa, Aa^Vaa, Aa^Vaa, Aa^Vaa, Ha, Ms, Ms, Ms, Ms, Ms, Ms, Ha, Ha, Ha, Ms, Ms, Ms, Ms, Ms, Ms^Xm, Ms, Ms, Ms, Ms, Ms, Ms, Ms, Ms, Ms, Ms, Ms, Ms, Ha, Ha, Ha, Ha, Ha, Ms, Ms, Ms, Ms, Ms, Ms, Ms, Ms, Ms, Ms, Ms^Xm, Ms, Ms, Ms, Ms^Xm, Ms, Ms^Xm, Ms, Ms, Ms, Ms^Xm, Ms, Ms^Xm, Ha, Ha, Ha, Ha, Ha, Ha, Ha, Ha, Ha, Ha, Ha, Ha, Ha, Ms, Ms, Ms, Ms, Ms, Ms, Ms, Ms, Ms, Ms, Ha
Ms, Ms, Ms, Ms, Ha, Ms, Ha, Ms, Ha, Ms, Ha, Ms, Ms, Ms, Ms, Ha, Aa^Vaa, Aa^Vaa, Aa^Vaa, Aa^Vaa, Aa^Vaa, Aa^Vaa, Ha, Ms, Ms, Ms, Ms, Ms, Ms, Ha, Ha, Ha, Ms, Ms, Ms, Ms, Ms, Ms, Ms, Ms, Ms, Ms, Ms, Ms, Ms, Ha, Ha, Ha, Ha, Ha, Ha, Ha, Ms, Ms, Ms, Ms, Ms, Ms, Ms, Ms, Ms, Ms, Ms, Ms, Ms, Ms, Ms, Ms, Ms, Ms, Ms, Ms, Ms, Ms, Ms, Ms, Ms, Ms, Ms, Ha, Ha, Ha, Ha, Ha, Ha, Ha, Ha, Ha, Ha, Ha, Ha, Ms, Ms, Ms, Ms, Ms, Ms, Ms, Ms, Ms, Ms, Ms
Ms, Ms, Ms, Ms, Ha, Ha, Ha, Ha, Ha, Ha, Ha, Ha, Ha, Ms, Ha, Ha, Ha, Aa^Vaa, Ha, Aa^Vaa, Aa^Vaa, Aa^Vaa, Ha, Ms, Ms, Ms, Ms, Ms, Ms, Ha, Ha, Ha, Ms, Ms, Ms, Ms, Ms, Ms, Ms, Ms, Ms, Ms, Ms, Ms, Ms, Ha, Ha, Ha, Ha, Ha, Ms, Ms, Ms, Ms, Ms, Ms, Ms, Ms, Ms, Ms, Ms, Ms, Ms, Ms, Ms, Ms, Ms, Ms, Ms, Ms, Ms, Ms, Ms, Ms, Ms, Ms, Ms, Ms, Ms, Ms, Ha, Ha, Ms, Ha, Ms, Ha, Ms, Ha, Ha, Ha, Ha, Ms, Ms, Ms, Ha, Ha, Ha, Ha, Ha, Ms, Ms, Ms
Ms, Ms, Ms, Ms, Ms, Ha, Ha, Ha, Ha, Ha, Ha, Ha, Ha, Ha, Ms, Ms, Ms, Ha, Ms, Ha, Ha, Ha, Ha, Ha, Ms, Ms, Ms, Ms, Ms, Ha, Ha, Ha, Ms, Ms, Ms, Ms, Ms, Ms, Ms, Ms, Ms, Ms, Ms, Ms, Ha, Ha, Ha, Ha, Ha, Ha, Ms, Ms, Ms, Ms, Ms, Ms, Ms, Ms, Ms, Ms, Ms, Ms, Ms, Ms, Ms, Ms, Ms, Ms, Ms, Ms, Ms, Ms, Ms, Ms, Ha, Ms, Ms, Ms, Ms, Ms, Ms, Ms, Ms, Ms, Ms, Ms, Ms, Ms, Ms, Ha, Ha, Ha, Ha, Ha, Ha, Ha, Ha, Ha, Ha, Ms, Ms, Ms
Ha, Ms, Ms, Ms, Ms, Ms, Ms, Ms, Ms, Ha, Ha, Ha, Ha, Ha, Ms, Ms, Ms, Ms, Ms, Ms, Ms, Ms, Ms, Ms, Ms, Ms, Ms, Ms, Ms, Ms, Ha, Ha, Ms, Ms, Ms, Ms, Ms, Ms, Ms, Ms, Ms, Ms, Ha, Ha, Ha, Ha, Ha, Ha, Ha, Ha, Ms, Ms, Ms, Ha, Ha, Ha, Ha, Ms, Ms, Ms, Ms, Ha, Ha, Ms, Ha, Ha, Ha, Ms, Ms, Ms, Ms, Ms, Ms, Ms, Ha, Ha, Ha, Ms, Ms, Ms, Ms, Ms, Ms, Ms, Ms, Ms, Ms, Ms, Ms, Ha, Ha, Ha, Ha, Ha, Ha, Ha, Ha, Ha, Ha, Ms, Ms, Ms
Ha, Ha, Ms, Ms, Ms, Ms, Ms, Ms, Ms, Ms, Ha, Ha, Ha, Ha, Ha, Ms, Ms, Ms, Ms, Ms, Ms, Ms, Ms, Ms, Ms, Ms, Ms, Ms, Ms, Ms, Ms, Ms, Ms, Ms, Ms, Ms, Ha, Ms, Ms, Ms, Ms, Ms, Ms, Ha, Ha, Ha, Ha, Ha, Ha, Ha, Ms, Ms, Ms, Ha, Ha, Ha, Ha, Ha, Ms, Ms, Ms, Ms, Ms, Ms, Ms, Ha, Ha, Ha, Ha, Ms, Ha, Ha, Ha, Ha, Ha, Ha, Ms, Ms, Ms, Ms, Ms, Ms, Ha, Ms, Ha, Ms, Ms, Ms, Ms, Ms, Ms, Ha, Ha, Ha, Ha, Ha, Rb, Ha, Rb, Md, Md, Ms
Ha, Ha, Ha, Ms, Ms, Ms, Ms, Ms, Ms, Ms, Ha, Ha, Ha, Ha, Ha, Ha, Ha, Ms, Ha, Ms, Ms, Ms, Ms, Ms, Ms, Ms, Ha, Ms, Ms, Ms, Ms, Ms, Ms, Ms, Ms, Ha, Ha, Ha, Ha, Ha, Ms, Ms, Ms, Ms, Ha, Ha, Ha, Ha, Ha, Ha, Ms, Ms, Ms, Ms, Ms, Ha, Ha, Ha, Ha, Ms, Ms, Ms, Ms, Ms, Ms, Ha, Ha, Ha, Ha, Ha, Ha, Ha, Ha, Ha, Ms, Ms, Ms, Ms, Ms, Ms, Ha, Ha, Ha, Ha, Ha, Ha, Ha, Ms, Ms, Ms, Ms, Ha, Rb, Rb, Rb, Rb, Rb, Rb, Rb, Rb, Md, Md
Aa^Fma, Ha, Ha, Ha, Ha, Ha, Ha, Ha, Ha, Ha, Ha, Ha, Ha, Ha, Ha, Ha, Ha, Ha, Ha, Ha, Ha, Ha, Ha, Ha, Ha, Ha, Ha, Ha, Ha, Ms, Ms, Ms, Ha, Ms, Ha, Ha, Ha, Ha, Ha, Ha, Ha, Ms, Ms, Ms, Ha, Ha, Ha, Ha, Ha, Ha, Ms, Ms, Ms, Ms, Ms, Ha, Ha, Ha, Ha, Ha, Ha, Ms, Ms, Ms, Ha, Ha, Ha, Ha, Ha, Ha, Ha, Ha, Ha, Ha, Ms, Ms, Ms, Ms, Ms, Ms, Ha, Ha, Ha, Ha, Ha, Ha, Ha, Ha, Ms, Ms, Rb, Rb, Rb, Rb, Md, Rb, Md, Md, Md, Md, Md, Md
Aa^Fma, Aa^Fma, Ha, Ha, Ha, Ha, Ha, Ha, Ha, Ha, Ha, Ha, Ha, Ha, Ha, Ha, Ha, Ha, Ha, Ha, Ha, Ha, Ha, Ha, Ha, Ha, Ha, Ha, Ha, Ha, Ha, Ha, Ha, Ha, Ha, Ha, Ha, Ha, Ha, Ha, Ha, Ms, Ms, Ms, Aa^Fma, Ha, Aa^Fma, Ha, Ha, Ha, Ha, Ms, Ha, Ms, Ha, Ha, Ha, Ha, Ha, Ha, Ha, Ha, Ha, Ha, Ha, Ha, Ha, Ha, Ha, Ha, Ha, Ha, Ha, Ha, Ha, Ms, Ms, Ms, Ms, Ha, Ha, Ha, Ha, Ha, Ha, Ha, Ms, Ms, Ms, Ms, Rb, Rb, Md, Md, Md, Mv, Md, Md, Mv, Md, Md, Md
Aa^Fma, Aa^Fma, Aa^Fma, Aa^Fma, Aa^Fma, Ha, Aa^Vla, Aa^Vla, Aa^Fma, Aa^Fma, Aa^Fma, Ha, Aa^Fma, Ha, Ha, Ha, Ha, Ha, Ha, Ha, Ha, Ha, Ha, Ha, Ha, Ha, Ha, Ha, Ha, Ha, Ha, Ha, Ha, Ha, Ha, Ha, Ha, Ha, Ha, Ha, Ha, Ha, Aa^Fma, Aa^Fma, Aa^Fma, Aa^Fma, Aa^Fma, Aa^Fma, Aa^Fma, Aa^Fma, Aa^Fma, Ha, Aa^Fma, Ha, Ha, Ha, Ha, Ha, Ha, Ha, Ha, Ha, Ha, Ha, Ha, Ha, Ha, Ha, Ha, Ha, Ha, Ha, Ha, Ha, Ms, Ms, Ms, Ms, Ha, Ha, Ha, Ha, Ha, Ha, Ha, Ha, Ms, Ms, Ms, Ms, Rb, Rb, Mv, Md, Md, Md, Mv, Md, Md, Md, Mv, Md
Aa^Fma, Aa^Fma, Aa^Fma, Aa^Fma, Aa^Fma, Aa^Vla, Aa^Vla, Aa^Vla, Aa^Fma, Aa^Fma, Aa^Fma, Aa^Fma, Aa^Fma, Aa^Fma, Aa^Fma, Ha, Aa^Fma, Ha, Aa^Fma, Ha, Aa^Fma, Ha, Aa^Fma, Ha, Ha, Ha, Aa^Fma, Ha, Aa^Fma, Aa^Fma, Aa^Fma, Ha, Ha, Ha, Ha, Ha, Ha, Ha, Ha, Ha, Aa^Fma, Aa^Fma, Aa^Fma, Aa^Fma, Aa^Fma, Aa^Fma, Aa^Fma, Aa^Fma, Aa^Fma, Aa^Fma, Aa^Fma, Aa^Fma, Aa^Fma, Aa^Fma, Aa^Fma, Ha, Aa^Fma, Ha, Ha, Ha, Ha, Ha, Ha, Ha, Ha, Ha, Ha, Ha, Ha, Ha, Aa^Fma, Ha, Ha, Ha, Ms, Ms, Ms, Ha, Ha, Ha, Ha, Ha, Ha, Ha, Ha, Ha, Ms, Ms, Ms, Rb, Rb, Rb, Md, Md, Mv, Md, Md, Md, Qlf, Md, Md, Md
Aa^Fma, Aa^Fma, Aa^Fma, Aa^Fma, Aa^Fma, Aa^Fma, Aa^Fma, Aa^Fma, Aa^Fma, Aa^Fma, Aa^Fma, Aa^Fma, Aa^Fma, Aa^Fma, Aa^Fma, Aa^Fma, Aa^Fma, Aa^Fma, Aa^Fma, Aa^Fma, Aa^Fma, Aa^Fma, Aa^Fma, Aa^Fma, Aa^Fma, Aa^Fma, Aa^Fma, Aa^Fma, Aa^Fma, Aa^Fma, Aa^Fma, Aa^Fma, Aa^Fma, Aa^Fma, Aa^Fma, Aa^Fma, Aa^Fma, Aa^Fma, Aa^Fma, Aa^Fma, Aa^Fma, Aa^Fma, Aa^Fma, Aa^Fma, Gg, Gg, Gg, Aa^Fma, Aa^Fma, Aa^Fma, Gg, Aa^Fma, Aa^Fma, Aa^Fma, Aa^Fma, Aa^Fma, Aa^Fma, Aa^Fma, Aa^Fma, Ha, Aa^Fma, Aa^Fma, Aa^Fma, Ha, Aa^Fma, Ha, Aa^Fma, Aa^Fma, Aa^Fma, Aa^Fma, Aa^Fma, Aa^Fma, Ha, Ha, Ha, Ms, Ms, Ha, Ha, Ha, Ha, Ha, Ha, Ha, Ha, Ha, Ha, Ms, Ms, Rb, Rb, Rb, Mv, Md, Md, Md, Qlf, Qlf, Cfr, Qlf, Qlf, Md
Aa^Fma, Aa^Fma, Aa^Fma, Aa^Fma, Aa^Fma, Aa^Fma, Mdd, Aa^Fma, Mdd, Mdd, Mdd, Aa^Fma, Mdd, Aa^Fma, Aa^Fma, Aa^Fma, Aa^Fma, Aa^Fma, Aa^Fma, Aa^Fma, Aa^Fma, Aa^Fma, Aa^Fma, Aa^Fma, Aa^Fma, Aa^Fma, Aa^Fma, Aa^Fma, Aa^Fma, Aa^Fma, Aa^Fma, Aa^Fma, Aa^Fma, Aa^Fma, Aa^Fma, Aa^Fma, Aa^Fma, Aa^Fma, Aa^Fma, Aa^Fma, Aa^Fma, Aa^Fma, Gg, Gg, Gg, Gg, Gg, Gg, Gg, Gg, Gg, Gg, Gg, Aa^Fma, Aa^Fma, Aa^Fma, Aa^Fma, Aa^Fma, Aa^Fma, Aa^Fma, Aa^Fma, Aa^Fma, Aa^Fma, Aa^Fma, Aa^Fma, Aa^Fma, Aa^Fma, Aa^Fma, Aa^Fma, Aa^Fma, Aa^Fma, Aa^Fma, Aa^Fma, Aa^Fma, Aa^Fma, Ha, Aa^Fma, Ha, Ha, Ha, Ha, Ha, Ms, Ms, Ms, Ha, Ms, Ms, Ms, Ms, Rb, Rb, Rb, Md, Md, Qlf, Cfr, Cfr, Koa, Cfr, Qlf, Md
Mdd, Mdd, Mdd, Mdd, Mdd, Mdd, Mdd, Mdd, Mdd, Mdd, Mdd, Mdd, Mdd, Mdd, Mdd, Mdd, Mdd, Mdd, Mdd, Mdd, Mdd, Aa^Fma, Mdd, Aa^Fma, Mdd, Mdd, Mdd, Aa^Fma, Mdd, Aa^Fma, Mdd, Aa^Fma, Aa^Fma, Aa^Fma, Gg, Aa^Fma, Aa^Fma, Aa^Fma, Aa^Fma, Aa^Fma, Gg, Gg, Gg, Gg, Gg, Gg, Gg, Gg, Gg, Gg, Gg, Gg, Gg, Gg, Gg, Aa^Fma, Gg, Aa^Fma, Aa^Fma, Aa^Fma, Aa^Fma, Aa^Fma, Aa^Fma, Aa^Fma, Aa^Fma, Aa^Fma, Aa^Fma, Aa^Fma, Aa^Fma, Aa^Fma, Aa^Fma, Aa^Fma, Aa^Fma, Aa^Fma, Aa^Fma, Aa^Fma, Aa^Fma, Aa^Fma, Ha, Ha, Ms, Ms, Ms, Ms, Ms, Ms, Ms, Ms, Ms, Rb, Rb, Rb, Md, Mv, Md, Qlf, Qlf, Cfr, Cfr, Cfr, Qlf, Md
Mdd, Mdd, Mdd, Mdd, Mdd, Mdd, Mdd, Mdd, Mdd, Mdd, Mdd, Mdd, Mdd, Mdd, Mdd, Mdd, Mdd, Mdd, Mdd, Mdd, Mdd, Mdd, Mdd, Mdd, Mdd, Mdd, Mdd, Mdd, Mdd, Mdd, Mdd, Mdd, Mdd, Gg, Mdd, Gg, Gg, Gg, Gg, Gg, Gg, Gg, Gg, Gg, Gg, Gg, Gg, Gg, Gg, Gg, Gg, Gg, Gg, Gg, Gg, Gg, Gg, Gg, Gg, Gg, Gg, Gg, Gg, Aa^Fma, Gg, Aa^Fma, Gg, Aa^Fma, Aa^Fma, Aa^Fma, Aa^Fma, Aa^Fma, Aa^Fma, Aa^Fma, Aa^Fma, Aa^Fma, Aa^Fma, Aa^Fma, Aa^Fma, Ha, Ms, Ms, Ms, Ms, Ms, Ms, Ms, Ms, Rb, Rb, Rb, Rb, Md, Md, Md, Md, Md, Qlf, Md, Qlf, Md, Md
Mdd, Mdd, Mdd, Mdd, Mdd, Mdd, Hd, Hd, Hd, Hd, Hd, Mdd, Hd, Mdd, Mdd, Mdd, Mdd, Mdd, Mdd, Mdd, Mdd, Mdd, Mdd, Mdd, Mdd, Mdd, Mdd, Mdd, Mdd, Mdd, Mdd, Mdd, Mdd, Mdd, Mdd, Mdd, Gg, Gg, Gg, Gg, Gg, Gg, Gg, Gg, Gg, Gg, Gg, Gg, Gg, Gg, Gg, Gg, Gg, Gg, Gg, Gg, Gg, Gg, Gg, Gg, Gg, Gg, Gg, Gg, Gg, Gg, Gg, Gg, Gg, Gg, Gg, Gg, Gg, Aa^Fma, Aa^Fma, Aa^Fma, Aa^Fma, Aa^Fma, Aa^Fma, Aa^Fma, Aa^Fma, Ms, Ms, Ms, Ms, Ms, Aa^Fma, Rb, Rb, Rb, Rb, Rb, Md, Md, Mv, Md, Md, Md, Md, Md, Md, Md
Mdd, Mdd, Hd, Hd, Hd, Hd, Hd, Hd, Hd, Hd, Hd, Hd, Hd, Hd, Hd, Hd, Hd, Hd, Hd, Mdd, Hd, Mdd, Hd, Mdd, Mdd, Mdd, Mdd, Mdd, Mdd, Mdd, Mdd, Mdd, Mdd, Mdd, Mdd, Mdd, Mdd, Gg, Gg, Gg, Gg, Gg, Gg, Gg, Gg, Gg, Gg, Gg, Gg, Gg, Gg, Gg, Gg, Gg, Gg, Gg, Gg, Gg, Gg, Gg, Gg, Gg, Gg, Gg, Gg, Gg, Gg, Gg, Gg, Gg, Gg, Gg, Gg, Gg, Gg, Aa^Fma, Aa^Fma, Aa^Fma, Aa^Fma, Aa^Fma, Aa^Fma, Aa^Fma, Aa^Fma, Ms, Aa^Fma, Aa^Fma, Rb, Rb, Rb, Rb, Md, Md, Md, Md, Md, Md, Md, Qlf, Md, Mv, Md, Md
Mdd, Mdd, Dd^Do, Hd, Hd, Hd, Hd, Hd, Hd, Hd, Hd, Hd, Hd, Hd, Hd, Hd, Hd, Hd, Hd, Hd, Hd, Hd, Hd, Hd, Hd, Mdd, Mdd, Mdd, Mdd, Mdd, Mdd, Mdd, Mdd, Mdd, Mdd, Mdd, Mdd, Mdd, Mdd, Gg, Gg, Gg, Gg, Gg, Gg, Gg, Gg, Gg, Gg, Gg, Gg, Gg, Gg, Gg, Gg, Gg, Gg, Gg, Gg, Gg, Gg, Gg, Gg, Gg, Gg, Gg, Gg, Gg, Gg, Gg, Gg, Gg, Gg, Gg, Gg, Gg, Gg, Aa^Fma, Aa^Fma, Aa^Fma, Aa^Fma, Aa^Fma, Aa^Fma, Aa^Fma, Rb, Rb, Rb, Rb, Rb, Rb, Md, Md, Mv, Md, Md, Md, Md, Md, Md, Md, Mv, Md
Hd, Dd^Do, Dd^Do, Hd, Hd, Hd, Hd, Hd, Hd, Hd, Dd^Vda, Hd, Dd^Vda, Hd, Dd^Do, Hd, Hd, Hd, Hd, Hd, Hd, Hd, Hd, Hd, Hd, Hd, Hd, Hd, Hd, Hd, Hd, Mdd, Mdd, Mdd, Mdd, Mdd, Mdd, Mdd, Mdd, Gg, Gg, Gg, Gg, Gg, Gg, Gg, Gg, Gg, Gg, Gg, Gg, Gg, Gg, Gg, Gg, Gg, Gg, Gg, Gg, Gg, Gg, Gg, Gg, Gg, Gg, Gg, Gg, Gg, Gg, Gg, Gg, Gg, Gg, Gg, Gg, Gg, Gg, Gg, Gg, Aa^Fma, Gg, Aa^Fma, Aa^Fma, Rb, Rb, Rb, Rb, Rb, Md, Md, Md, Md, Md, Md, Md, Md, Md, Ql, Md, Md, Md, Md
Hd, Hd, Hd, Hd, Hd, Hd, Hd, Hd, Hd, Hd, Dd^Vda, Dd^Do, Dd^Do, Dd^Do, Dd^Vda, Hd, Hd, Hd, Hd, Hd, Hd, Hd, Hd, Hd, Hd, Hd, Hd, Hd, Hd, Hd, Hd, Hd, Hd, Hd, Hd, Mdd, Hd, Mdd, Hd, Gg, Gg, Gg, Gg, Gg, Gg, Gg, Gg, Gg, Gg, Gg, Gg, Gg, Gg, Gg, Gg, Gg, Gg, Gg, Gg, Gg, Gg, Gg, Gg, Gg, Gg, Gg, Gg, Gg, Gg, Gg, Gg, Gg, Gg, Gg, Gg, Gg, Gg, Gg, Gg, Gg, Gg, Gg, Gg, Rb, Md, Md, Md, Md, Md, Md, Md, Md, Md, Md, Md, Ql, Ql, Ql, Md, Ql, Md, Md
Hd, Hd, Hd, Hd, Hd, Hd, Hd, Hd, Hd, Hd, Dd^Vda, Dd^Do, Dd^Do, Dd^Do, Dd^Do, Dd^Vda, Hd, Hd, Hd, Hd, Hd, Hd, Hd, Hd, Hd, Hd, Hd, Hd, Hd, Hd, Hd, Hd, Hd, Hd, Hd, Hd, Hd, Hd, Hd, Gg, Gg, Gg, Gg, Gg, Gg, Gg, Gg, Gg, Gg, Gg, Gg, Gg, Gg, Gg, Gg, Gg, Gg, Gg, Gg, Gg, Gg, Gg, Gg, Gg, Gg, Gg, Gg, Gg, Gg, Gg, Gg, Gg, Gg, Gg, Gg, Gg, Gg, Gg, Gg, Gg, Gg, Gg, Gg, Gg, Md, Md, Md, Mv, Md, Md, Md, Mv, Mv, Md, Md, Md, Md, Ql, Md, Md, Md, Md
Hd, Hd, Hd^Edp, Hd, Hd^Edp, Hd, Hd, Hd, Hd, Hd, Hd, Dd^Vda, Dd^Vda, Dd^Do, Hd, Hd, Hd, Hd, Hd, Hd, Hd, Hd, Hd, Hd, Hd, Hd, Hd, Hd, Hd, Hd, Hd, Hd, Hd, Hd, Hd, Hd, Hd, Hd, Hd, Gg, Hd, Gg, Gg, Gg, Gg, Gg, Gg, Gg, Gg, Gg, Gg, Gg, Gg, Gg, Gg, Gg, Gg, Gg, Gg, Gg, Gg, Gg, Gg, Gg, Gg, Gg, Gg, Gg, Gg, Gg, Gg, Gg, Gg, Gg, Gg, Gg, Gg, Gg, Gg, Gg, Gg, Gg, Md, Md, Ql, Md, Md, Md, Md, Mv, Md, Md, Md, Md, Mv, Md, Md, Md, Md, Md, Md, Md
Hd, Hd^Edp, Hd, Hd, Hd^Edp, Hd, Hd^Edp, Hd, Hd, Hd, Hd, Hd, Hd, Hd, Hd, Hd, Hd, Hd, Hd, Hd, Hd, Hd, Hd, Hd, Hd, Hd, Hd, Hd, Hd, Hd, Hd, Hd, Hd, Hd, Hd, Hd, Hd, Hd, Hd, Hd, Hd, Hd, Gg, Gg, Gg, Gg, Gg, Gg, Gg, Gg, Gg, Gg, Gg, Gg, Gg, Gg, Gg, Gg, Gg, Gg, Gg, Gg, Gg, Gg, Gg, Gg, Gg, Gg, Gg, Gg, Gg, Gg, Gg, Gg, Gg, Gg, Gg, Gg, Gg, Gg, Gg, Md, Md, Md, Md, Md, Mv, Md, Md, Md, Ql, Md, Md, Md, Md, Md, Md, Md, Ql, Ql, Md, Md
Hd, Hd, Hd, Hd, Hd, Hd, Hd, Hd, Hd, Hd, Hd, Hd, Hd, Hd, Hd, Hd, Hd, Hd, Hd, Hd, Hd, Hd, Hd, Hd, Hd, Hd, Hd, Hd, Hd, Hd, Hd, Hd, Hd, Hd, Hd, Hd, Hd, Hd, Hd, Hd, Hd, Hd, Gg, Gg, Gg, Gg, Gg, Gg, Gg, Gg, Gg, Gg, Gg, Gg, Gg, Gg, Gg, Gg, Gg, Gg, Gg, Gg, Gg, Gg, Gg, Gg, Gg, Gg, Gg, Gg, Gg, Gg, Gg, Gg, Gg, Gg, Gg, Gg, Gg, Gg, Md, Md, Md, Md, Md, Md, Md, Md, Md, Ql, Ql, Ql, Md, Md, Md, Md, Md, Md, Md, Md, Md, Md
Hd, Hd, Dd^Do, Hd, Hd, Hd, Hd, Hd, Dd^Edp, Hd, Hd, Hd, Hd, Hd, Dd^Edp, Hd, Hd, Hd, Hd, Hd, Hd, Hd, Hd, Hd, Hd, Hd, Hd, Hd, Hd, Hd, Hd, Hd, Hd, Hd, Hd, Hd, Hd, Hd, Hd, Hd, Hd, Hd, Gg, Gg, Gg, Gg, Gg, Gg, Gg, Gg, Gg, Gg, Gg, Gg, Gg, Gg, Gg, Gg, Gg, Gg, Gg, Gg, Gg, Gg, Gg, Gg, Gg, Gg, Gg, Gg, Gg, Gg, Gg, Gg, Gg, Gg, Gg, Gg, Gg, Gg, Md, Md, Md, Md, Md, Ql, Md, Md, Md, Md, Md, Md, Md, Md, Md, Mv, Md, Ql, Md, Ql, Md, Md
Hd, Dd^Do, Dd^Do, Dd^Do, Hd, Hd, Hd, Hd, Hd, Dd^Edp, Hd, Dd^Edp, Hd, Hd, Hd, Hd, Hd, Hd, Hd, Hd, Hd, Hd, Hd, Hd, Hd, Hd, Hd, Hd, Hd, Hd, Hd, Hd, Hd, Hd, Hd, Hd, Hd, Hd, Hd, Hd, Hd, Hd, Gg, Gg, Gg, Gg, Gg, Gg, Gg, Gg, Gg, Gg, Gg, Gg, Gg, Gg, Gg, Gg, Gg, Gg, Gg, Gg, Gg, Gg, Gg, Gg, Gg, Gg, Gg, Gg, Gg, Gg, Gg, Gg, Gg, Gg, Gg, Gg, Gg, Gg, Md, Md, Md, Md, Mv, Md, Md, Mv, Mv, Md, Md, Mv, Md, Md, Md, Md, Md, Md, Ql, Md, Md, Md
Hd, Hd, Hd, Dd^Do, Hd, Hd, Hd, Hd, Hd, Hd, Hd, Hd, Hd, Hd, Hd, Hd, Hd, Hd, Hd, Hd, Hd, Hd, Hd, Hd, Hd, Hd, Hd, Hd, Hd, Hd, Hd, Hd, Hd, Hd, Hd, Hd, Hd, Hd, Hd, Hd, Gg, Hd, Gg, Gg, Gg, Gg, Gg, Gg, Gg, Gg, Gg, Gg, Gg, Gg, Gg, Gg, Gg, Gg, Gg, Gg, Gg, Gg, Gg, Gg, Gg, Gg, Gg, Gg, Gg, Gg, Gg, Gg, Gg, Gg, Gg, Gg, Gg, Gg, Gg, Gg, Gg, Md, Md, Qlf, Qlf, Md, Md, Md, Md, Md, Md, Md, Md, Md, Md, Mv, Mv, Md, Ql, Ql, Md, Md
Hd, Hd, Hd, Hd, Hd, Hd, Hd, Hd, Hd, Hd, Hd, Hd, Hd, Hd, Hd, Hd, Hd, Hd, Hd, Hd, Hd, Hd, Hd, Hd, Hd, Hd, Hd, Hd, Hd, Hd, Hd, Hd, Hd, Hd, Hd, Hd, Hd, Hd, Hd, Hd, Gg, Gg, Gg, Gg, Gg, Gg, Gg, Gg, Gg, Gg, Gg, Gg, Gg, Gg, Gg, Gg, Gg, Gg, Gg, Gg, Gg, Gg, Gg, Gg, Gg, Gg, Gg, Gg, Gg, Gg, Gg, Gg, Gg, Gg, Gg, Gg, Gg, Gg, Gg, Gg, Gg, Gg, Md, Md, Qlf, Md, Qlf, Mv, Md, Md, Md, Md, Md, Ql, Md, Md, Mv, Md, Ql, Ql, Md, Md
Hd, Hd, Hd, Hd, Hd, Hd, Hd, Hd, Hd, Hd, Hd, Hd, Hd, Hd, Hd, Hd, Hd, Hd, Hd, Hd, Hd, Hd, Hd, Hd, Hd, Hd, Hd, Hd, Hd, Hd, Hd, Hd, Hd, Hd, Hd, Hd, Hd, Hd, Gg, Gg, Gg, Gg, Gg, Gg, Gg, Gg, Gg, Gg, Gg, Gg, Gg, Gg, Gg, Gg, Gg, Gg, Gg, Gg, Gg, Gg, Gg, Gg, Gg, Gg, Gg, Gg, Gg, Gg, Gg, Gg, Gg, Gg, Gg, Gg, Gg, Gg, Gg, Gg, Gg, Gg, Gg, Gg, Gg, Md, Md, Qlf, Md, Qlf, Qlf, Md, Md, Mv, Md, Md, Md, Md, Md, Md, Md, Md, Md, Md
Hd, Hd, Hd, Hd, Hd, Hd, Hd, Hd, Hd, Hd, Hd, Hd, Hd, Hd, Hd, Hd, Hd, Hd, Hd, Hd, Hd, Hd, Hd, Hd, Hd, Hd, Hd, Hd, Hd, Hd, Hd, Hd, Hd, Hd, Gg, Hd, Gg, Gg, Gg, Gg, Gg, Gg, Gg, Gg, Gg, Gg, Gg, Gg, Gg, Gg, Gg, Gg, Gg, Gg, Gg, Gg, Gg, Gg, Gg, Gg, Gg, Gg, Gg, Gg, Gg, Gg, Gg, Gg, Gg, Gg, Gg, Gg, Gg, Gg, Gg, Gg, Gg, Gg, Gg, Gg, Gg, Gg, Gg, Gg, Gg, Md, Urb, Md, Urb, Ql^Bw/, Qlf, Qlf, Qlf, Qlf, Qlf, Md, Md, Md, Md, Md, Md, Md
Hd, Hd, Hd, Hd, Hd, Hd, Hd, Hd, Hd, Hd, Hd, Hd, Hd, Hd, Hd, Hd, Hd, Hd, Hd, Hd, Hd, Hd, Hd, Hd, Hd, Hd, Hd, Hd, Hd, Hd, Hd, Hd, Gg, Hd, Gg, Gg, Gg, Gg, Gg, Gg, Gg, Gg, Gg, Gg, Gg, Gg, Gg, Gg, Gg, Gg, Gg, Gg, Gg, Gg, Gg, Gg, Gg, Gg, Gg, Urb, Urb, Gg, Gg, Gg, Gg, Gg, Gg, Gg, Gg, Gg, Gg, Gg, Gg, Gg, Gg, Gg, Gg, Gg, Gg, Gg, Gg, Gg, Gg, Gg, Gg, Gg, Urb, Urb, Urb, Md, Md, Md, Md, Md, Md, Md, Gg, Md, Gg, Md, Gg, Gg
Hd, Hd, Mdd, Mdd, Mdd, Hd, Hd, Hd, Hd, Hd, Hd, Hd, Mdd, Mdd, Mdd, Hd, Mdd, Mdd, Mdd, Mdd, Mdd, Hd, Mdd, Hd, Hd, Hd, Hd, Hd, Hd, Gg, Gg, Gg, Gg, Gg, Gg, Gg, Gg, Gg, Gg, Gg, Gg, Gg, Gg, Gg, Gg, Gg, Gg, Gg, Gg, Gg, Gg, Gg, Gg, Gg, Gg, Gg, Gg, Gg, Gg, Gg, Urb, Gg, Gg, Gg, Gg, Gg, Gg, Gg, Gg, Gg, Gll^Fp, Gll^Fp, Gll^Fp, Gg, Gg, Gg, Gg, Gg, Gg, Gg, Gg, Gg, Gg, Gg, Urb, Urb, Gg, Urb, Gg, Md, Gg, Gg, Gg, Gg, Gg, Gg, Gg, Gg, Gg, Gg, Gg, Gg
Mdd, Mdd, Mdd, Mdd, Mdd, Mdd, Mdd, Mdd, Mdd, Mdd, Mdd, Mdd, Mdd, Mdd, Mdd, Mdd, Mdd, Mdd, Mdd, Mdd, Mdd, Mdd, Mdd, Mdd, Gg, Gg, Gg, Gg, Gg, Gg, Gg, Gg, Gg, Gg, Gg, Gg, Gg, Gg, Gg, Gg, Gg, Gg, Gg, Gg, Gg, Gg, Gg, Gg, Gg, Gg, Gg, Gg, Gg, Gg, Gg, Gg, Gg, Gg, Gg, Gg, Gd^Vhr, Urb, Gd^Vhr, Gg, Gg, Gg, Gg, Gg, Gg, Gg, Gg, Gll^Fp, Gll^Fp, Gll^Fp, Gg, Gg, Gg, Gg, Gg, Gg, Gg, Gg, Gg, Gg, Gg, Gg, Gg, Gg, Gg, Gg, Gg, Gg, Gg, Gg, Gg, Gg, Gg, Gg, Gg, Gg, Gg, Gg
Mdd, Mdd, Mdd, Mdd, Mdd, Mdd, Mdd, Mdd, Mdd, Mdd, Mdd, Mdd, Mdd, Mdd, Mdd, Mdd, Mdd, Mdd, Mdd, Mdd, Mdd, Mdd, Mdd, Mdd, Gg, Gg, Gg, Gg, Gg, Gg, Gg, Gg, Gg, Gg, Gg, Gg, Gg, Gg, Gg, Gg, Gg, Gg, Gg, Gg, Gg, Gg, Gg, Gg, Gg, Gg, Gg, Gg, Gg, Gg, Gg, Gg, Gg, Gd^Vhr, Gd^Vhr, Gg, Gd^Vhr, Gd^Vhr, Gg, Gd^Vhr, Gd^Vhr, Gg, Gg, Gg, Gg, Gg, Gg, Gg, Gll^Fp, Gll^Fp, Gg, Gg, Gg, Gg, Gg, Gg, Gg, Gg, Gg, Gg, Gg, Gg, Gg, Gg, Gg, Gg, Gg, Gg, Gg, Gg, Gg, Gg, Gg, Gg, Gg, Gg, Gg, Gg
Mdd, Mdd, Mdd, Mdd, Mdd, Mdd, Mdd, Mdd, Mdd, Mdd, Mdd, Mdd, Gg, Mdd, Gg, Mdd, Mdd, Mdd, Gg, Gg, Gg, Mdd, Gg, Gg, Gg, Gg, Gg, Gg, Gg, Gg, Gg, Gg, Gg, Gg, Gg, Gg, Gg, Gg, Gg, Gg, Urb, Gg, Gg, Gg, Gg, Gg, Gg, Gg, Gg, Gg, Gg, Gg, Gg, Gg, Gg, Gg, Gg, Gg, Gd^Vhr, Gd^Vhr, Urb, Gd^Vhr, Gd^Vhr, Gg, Gg, Gg, Gg, Gg, Gg, Gg, Gg, Gg, Gll^Fp, Gll^Fp, Gg, Gg, Gg, Gg, Gg, Gg, Gg, Gg, Gg, Gg, Gg, Gg, Gg, Gg, Gg, Gg, Gg, Gg, Gg, Gg, Gg, Gg, Gg, Gg, Gg, Gg, Gg, Gg
Gg, Mdd, Gg, Mdd, Gg, Gg, Gg, Gg, Gg, Gg, Gg, Gg, Gg, Gg, Gg, Gg, Gg, Gg, Gg, Gg, Gg, Gg, Gg, Gg, Gg, Gg, Gg, Gg, Gg, Gg, Gg, Gg, Gg, Gg, Gg, Gg, Gg, Gg, Gg, Gg, Urb, Gg, Gg, Gg, Gg, Gg, Gg, Gg, Gg, Gg, Gg, Gg, Gg, Gg, Gg, Gg, Gg, Gg, Gg, Gg, Gg, Urb, Gg, Gg, Gg, Gg, Gg, Gg, Gg, Gg, Gg, Gll^Fp, Gll^Fp, Gll^Fp, Gg, Gg, Gg, Gg, Gg, Gg, Gg, Gg, Gg, Gg, Gg, Gg, Gg, Gg, Gg, Gg, Gg, Gg, Gg, Gg, Gg, Gg, Gg, Gg, Gg, Gg, Gg, Gg
Gg, Gg, Gg, Gg, Gg, Gg, Gg, Gg, Gg, Gg, Gg, Gg, Gg, Gg, Gg, Gg, Gg, Gg, Gg, Gg, Gg, Gg, Gg, Gg, Gg, Gg, Gg, Gg, Gg, Gg, Gg, Gg, Gg, Gg, Gg, Gg, Gg, Gg, Gg, Gg, Urb, Gg, Gg, Gg, Gg, Gg, Gg, Gg, Ce, Ce, Ce, Gg, Gg, Gg, Gg, Gg, Gg, Gg, Gg, Gg, Gg, Urb, Gg, Gg, Gg, Gg, Gg, Gg, Gg, Gg, Gll^Fp, Gll^Fp, Gll^Fp, Gll^Fp, Gg, Gg, Gg, Gg, Gg, Gg, Gg, Gg, Gg, Gg, Gg, Gg, Gg, Gg, Gg, Gg, Gg, Gg, Gg, Gg, Gg, Gg, Gg, Gg, Gg, Gg, Gg, Gg
Gg, Gg, Gg, Gg, Gg, Gg, Gg, Gg, Gg, Gg, Gg, Gg, Gg, Gg, Gg, Gg, Gg, Gg, Gg, Gg, Gg, Gg, Gg, Gg, Gg, Gg, Gg, Gg, Gg, Gg, Gg, Gg, Gg, Gg, Gg, Gg, Gg, Gg, Gg, Gg, Urb, Gg, Gg, Gg, Gg, Gg, Ce, Ce, Urb, Urb, Urb, Ce, Ce, Gg, Gg, Gg, Gg, Gg, Gg, Gg, Gg, Urb, Gg, Gg, Gg, Gg, Gg, Gg, Gll^Fp, Gll^Fp, Gll^Fp, Gll^Fp, Gll^Fp, Gll^Fp, Gg, Gg, Gg, Gg, Gg, Gg, Gg, Gg, Gg, Gg, Gg, Gg, Gg, Gg, Gg, Gg, Gg, Gg, Gg, Gg, Gg, Gg, Gg, Gg, Gg, Gg, Gg, Gg
Gg, Gg, Gg, Gg, Gg, Gg, Gg, Gg, Wo, Gg, Gg, Gg, Gg, Gg, Gg, Gg, Gg, Gg, Gg, Gg, Gg, Gg, Gg, Gg, Gg, Gg, Gg, Gg, Gg, Gg, Gg, Gg, Gg, Gg, Gg, Gg, Gg, Gg, Gg, Gg, Urb, Gg, Gg, Gg, Ce, Ce, Urb, Urb, Gg^Vwm, Gs^Vh, Gs^Vh, Gg^Vwm, Urb, Ce, Ce, Gg, Gg, Gg, Gg, Gg, Urb, Urb, Gg, Gg, Gg, Gg, Gll^Fp, Gll^Fp, Gll^Fp, Gll^Fp, Gll^Fp, Gll^Fp, Gll^Fp, Gll^Fp, Gg, Gg, Gg, Gg, Gg, Gg, Gg, Gg, Gg, Gg, Gg, Gg, Gg, Gg, Gg, Gg, Gg, Gg, Gg, Gg, Gg, Gg, Gg, Gg, Gg, Gg, Gg, Gg
Wo, Gg, Wo, Gg, Gg, Gg, Wo, Wo, Gg, Wo, Wo, Gg, Gg, Gg, Gg, Gg, Gg, Gg, Gg, Gg, Gg, Gg, Gg, Gg, Gg, Gg, Gg, Gg, Gg, Gg, Gg, Gg, Gg, Gg, Gg, Gg, Gg, Gg, Gg, Gg, Gg, Urb, Urb, Gg, Urb, Rr^Pw\o, Ce, Urb, Gs^Vh, Gs^Vh, Urb, Gs^Vh, Urb, Urb, Rr^Pw/o, Ce, Gg, Gg, Gg, Gg, Urb, Urb, Gg, Gg, Gg, Gll^Fp, Gll^Fp, Gll^Fp, Gll^Fp, Gll^Fp, Gll^Fp, Gll^Fp, Gll^Fp, Gll^Fp, Gg, Gg, Gg, Gg, Gg, Gg, Gg, Gg, Gg, Gg, Gg, Gg, Gg, Gg, Gg, Gg, Gg, Gg, Gg, Gg, Gg, Gg, Gg, Gg, Gg, Gg, Gg, Gg
Wo, Wo, Wo, Wo, Wo, Wo, Wo, Gg, Gg, Gg, Wo, Gg, Gg, Gg, Gg, Gg, Gg, Gg, Gg, Gg, Gg, Gg, Gg, Gg, Gg, Gg, Gg, Gg, Gg, Gg, Gg, Gg, Gg, Gg, Gg, Gg, Gg, Gg, Gg, Gg, Gg, Gg, Gg, Urb, Gg, Gg, Ce, Urb, Urb, Gs^Vh, Urb, Urb, Ce, Ce, Gg, Urb, Urb, Gg, Urb, Urb, Urb, Urb, Urb, Gg, Urb, Gll^Fp, Gll^Fp, Gll^Fp, Gll^Fp, Gll^Fp, Gll^Fp, Gll^Fp, Gll^Fp, Gll^Fp, Gg, Gg, Gg, Gg, Gg, Gg, Gg, Gg, Gg, Gg, Gg, Gg, Gg, Gg, Gg, Gg, Gg, Gg, Gg, Gg, Gg, Gg, Gg, Gg, Gg, Gg, Gg, Gg
Cf, Cf, Cf, Cf, Cf, Wo, Wo, Gg, Wo, Gg, Wo, Wo, Gg, Gg, Gg, Gg, Gg, Gg, Gg, Gg, Gg, Gg, Gg, Gg, Gg, Gg, Gg, Gg, Gg, Gg, Gg, Gg, Gg, Gg, Gg, Gg, Gg, Gg, Gg, Gg, Gg, Gg, Gg, Gg, Gg, Gg, Gg, Ce, Ce, Ce, Ce, Ce, Gg, Gg, Gg, Gg, Gg, Urb, Gg, Gg, Gg, Gg, Gg, Urb, Gg, Gll^Fp, Gll^Fp, Gll^Fp, Gll^Fp, Gll^Fp, Gll^Fp, Gll^Fp, Gll^Fp, Gll^Fp, Gg, Gg, Gg, Gg, Gg, Gg, Gg, Gg, Gg, Gg, Gg, Gg, Gg, Gg, Gg, Gg, Gg, Gg, Gg, Gg, Gg, Gg, Gg, Gg, Gg, Gg, Gg, Gg
Rr^Vhc, Rr^Vhc, Rr^Vhc, Rr^Vhc, Rr^Vhc, Cf, Cf, Wo, Wo, Wo, Wo, Wo, Gg, Gg, Gg, Gg, Gg, Gg, Gg, Gg, Gg, Gg, Gg, Gg, Gg, Gg, Gg, Gg, Gg, Gg, Gg, Gg, Gg, Gg, Gg, Gg, Gg, Gg, Gg, Gg, Gg, Gg, Gg, Gg, Gg, Gg, Gg, Gg, Gg, Gg, Gg, Gg, Gg, Gg, Gg, Gg, Gg, Gg, Gg, Gg, Gg, Gg, Gg, Gg, Gg, Gll^Fp, Gll^Fp, Gll^Fp, Gll^Fp, Gll^Fp, Gll^Fp, Gll^Fp, Gll^Fp, Gll^Fp, Gg, Gg, Gg, Gg, Gg, Gg, Gg, Gg, Gg, Gg, Gg, Gg, Gg, Gg, Gg, Gg, Gg, Gg, Gg, Gg, Gg, Gg, Gg, Gg, Gg, Gg, Gg, Gg
Rr^Vhc, Rr^Vhc, Rr^Vhc, Rr^Vhc, Rr^Vhc, Rr^Vhc, Rr^Vhc, Cf, Cf, Wo, Wo, Wo, Wo, Gg, Gg, Gg, Gg, Gg, Gg, Gg, Gg, Gg, Gg, Gg, Gg, Gg, Gg, Gg, Gg, Gg, Gg, Gg, Gg, Gg, Gg, Gg, Gg, Gg, Gg, Gg, Gg, Gg, Gg, Gg, Gg, Gg, Gg, Gg, Gg, Gg, Gg, Gg, Gg, Gg, Gg, Gg, Gg, Gg, Gg, Gg, Gg, Gg, Gg, Gg, Gg, Gll^Fp, Gll^Fp, Gll^Fp, Gll^Fp, Gll^Fp, Gll^Fp, Gll^Fp, Gll^Fp, Gll^Fp, Gg, Gg, Gg, Gg, Gg, Gg, Gg, Gg, Gg, Gg, Gg, Gg, Gg, Gg, Gg, Gg, Gg, Gg, Gg, Gg, Gg, Gg, Gg, Gg, Gg, Gg, Gg, Gg
Rr^Vhc, Rr^Vhc, Rr^Vhc, Rr^Vhc, Rr^Vhc, Rr^Vhc, Rr^Vhc, Rr^Vhc, Rr^Vhc, Cf, Wo, Wo, Wo, Wo, Gg, Gg, Gg, Gg, Gg, Gg, Gg, Gg, Gg, Gg, Gg, Gg, Gg, Gg, Gg, Gg, Gg, Gg, Gg, Gg, Gg, Gg, Gg, Gg, Gg, Gg, Gg, Gg, Gg, Gg, Gg, Gg, Gg, Gg, Gg, Gg, Gg, Gg, Gg, Gg, Gg, Gg, Gg, Gg, Gg, Gg, Gg, Gg, Gg, Gg, Gg, Gll^Fp, Gll^Fp, Gll^Fp, Gll^Fp, Gll^Fp, Gll^Fp, Gll^Fp, Gll^Fp, Gll^Fp, Gg, Gg, Gg, Gg, Gg, Gg, Gg, Gg, Gg, Gg, Gg, Gg, Gg, Gg, Gg, Gg, Gg, Gg, Gg, Gg, Gg, Gg, Gg, Gg, Gg, Gg, Gg, Gg
Rr^Vhc, Rr^Vhc, Rr^Vhc, Rr^Vhc, Rr^Vhc, Rr^Vhc, Rr^Vhc, Rr^Vhc, Rr^Vhc, Cf, Cf, Cf, Cf, Wo, Wo, Gg, Gg, Gg, Gg, Gg, Gg, Gg, Gg, Gg, Gg, Gg, Gg, Gg, Gg, Gg, Gg, Gg, Gg, Gg, Gg, Gg, Gg, Gg, Gg, Gg, Gg, Gg, Gg, Gg, Gg, Gg, Gg, Gg, Gg, Gg, Gg, Gg, Gg, Gg, Gg, Gg, Gg, Gg, Gg, Gg, Gg, Gg, Gg, Gg, Gg, Gll^Fp, Gll^Fp, Gll^Fp, Gll^Fp, Gll^Fp, Gll^Fp, Gll^Fp, Gll^Fp, Gll^Fp, Gg, Gg, Gg, Gg, Gg, Gg, Gg, Gg, Gg, Gg, Gg, Gg, Gg, Gg, Gg, Gg, Gg, Gg, Gg, Gg, Gg, Gg, Gg, Gg, Gg, Gg, Gg, Gg
Rr^Vhc, Rr^Vhc, Rr^Vhc, Rr^Vhc, Rr^Vhc, Rr^Vhc, Rr^Vhc, Rr^Vhc, Rr^Vhc, Rr^Vhc, Rr^Vhc, Rr^Vhc, Rr^Vhc, Cf, Cf, Wo, Wo, Gg, Gg, Gg, Gg, Gg, Gg, Gg, Gg, Gg, Gg, Gg, Gg, Gg, Gg, Gg, Gg, Gg, Gg, Gg, Gg, Gg, Urb, Gg, Gg, Gg, Gg, Gg, Gg, Gg, Gg, Gg, Gg, Gg, Gg, Gg, Gg, Gg, Gg, Gg, Gg, Gg, Gg, Gg, Gg, Gg, Gg, Gg, Gg, Gg, Gll^Fp, Gll^Fp, Gll^Fp, Gll^Fp, Gll^Fp, Gll^Fp, Gll^Fp, Gll^Fp, Gg, Gg, Gg, Gg, Gg, Gg, Gg, Gg, Gg, Gg, Gg, Gg, Gg, Gg, Gg, Gg, Gg, Gg, Gg, Gg, Gg, Gg, Gg, Gg, Gg, Gg, Gg, Gg
Rr^Vhc, Rr^Vhc, Rr^Vhc, Rr^Vhc, Rr^Vhc, Rr^Vhc, Rr^Vhc, Rr^Vhc, Rr^Vhc, Rr^Vhc, Rr^Vhc, Rr^Vhc, Rr^Vhc, Rr^Vhc, Rr^Vhc, Cf, Rr^Pr\o, Wo^Bsb/, Gg, Gg, Gg, Gg, Gg, Gg, Gg, Gg, Gg, Gg, Gg, Gg, Gg, Gg, Gg, Gg, Gg, Gg, Gg, Gg, Gg, Urb, Urb, Gg, Gg, Gg, Gg, Gg, Gg, Gg, Gg, Gg, Gg, Gg, Gg, Gg, Gg, Gg, Gg, Gg, Gg, Gg, Gg, Gg, Gg, Gg, Gg, Gg, Gg, Gg, Gg, Gll^Fp, Gll^Fp, Gll^Fp, Gll^Fp, Gll^Fp, Gg, Gg, Gg, Gg, Gg, Gg, Gg, Gg, Gg, Gg, Gg, Gg, Gg, Gg, Gg, Gg, Gg, Gg, Gg, Gg, Gg, Gg, Gg, Gg, Gg, Gg, Gg, Gg
Rr^Vhc, Rr^Vhc, Rr^Vhc, Rr^Vhc, Rr^Vhc, Rr^Vhc, Rr^Vhc, Rr^Vhc, Rr^Vhc, Rr^Vhc, Kh, Rr^Vhc, Rr^Vhc, Rr^Vhc, Rr^Vhc, Gg, Cf, Wo, Gg, Gg, Gg, Gg, Gg, Gg, Gg, Gg, Gg, Gg, Gg, Gg, Gg, Gg, Gg, Gg, Gg, Gg, Gg, Gg, Gg, Gg, Gg, Urb, Urb, Gg, Gg, Gg, Gg, Gg, Gg, Gg, Gg, Gg, Gg, Gg, Gg, Gg, Gg, Gg, Gg, Gg, Gg, Gg, Gg, Gg, Gg, Gg, Gg, Gg, Gg, Gg, Gll^Fp, Gll^Fp, Gll^Fp, Gll^Fp, Gg, Gg, Gg, Gg, Gg, Gg, Gg, Gg, Gg, Gg, Gg, Gg, Gg, Gg, Gg, Gg, Gg, Gg, Gg, Gg, Gg, Gg, Gg, Gg, Gg, Gg, Gg, Gg
Rr^Vhc, Rr^Vhc, Rr^Vhc, Rr^Vhc, Rr^Vhc, Rr^Vhc, Rr^Vhc, Rr^Vhc, Rr^Vhc, Kh, Kh, Kh, Rr^Vhc, Rr^Vhc, Rr^Vhc, Rr^Vhc, Cf, Wo, Gg, Gg, Gg, Gg, Gg, Gg, Gg, Gg, Gg, Gg, Gg, Gg, Gg, Gg, Gg, Gg, Gg, Gg, Gg, Gg, Gg, Gg, Gg, Gg, Gg, Urb, Gg, Gg, Gg, Gg, Gg, Gg, Gg, Gg, Gg, Gg, Gg, Gg, Gg, Gg, Gg, Gg, Gg, Gg, Gg, Gg, Gg, Gg, Gg, Gg, Gg, Gg, Gg, Gll^Fp, Gll^Fp, Gll^Fp, Gg, Gg, Gg, Gg, Gg, Gg, Gg, Gg, Gg, Gg, Gg, Gg, Gg, Gg, Gg, Gg, Gg, Gg, Gg, Gg, Gg, Gg, Gg, Gg, Gg, Gg, Gg, Gg
Rr^Vhc, Rr^Vhc, Rr^Vhc, Rr^Vhc, Rr^Vhc, Rr^Vhc, Rr^Vhc, Rr^Vhc, Rr^Vhc, Rr^Vhc, Rr^Vhc, Rr^Vhc, Rr^Vhc, Rr^Vhc, Rr^Vhc, Rr^Vhc, Cf, Wo, Gg, Gg, Gg, Gg, Gg, Gg, Gg, Gg, Gg, Gg, Gg, Gg, Gg, Gg, Gg, Gg, Gg, Gg, Gg, Gg, Gg, Gg, Gg, Gg, Gg, Gg, Gg, Gg, Gg, Gg, Gg, Gg, Gg, Gg, Gg, Gg, Gg, Gg, Gg, Gg, Gg, Gg, Gg, Gg, Gg, Gg, Gg, Gg, Gg, Gg, Gg, Gg, Gg, Gll^Fp, Gll^Fp, Gll^Fp, Gg, Gg, Gg, Gg, Gg, Gg, Gg, Gg, Gg, Gg, Gg, Gg, Gg, Gg, Gg, Gg, Gg, Gg, Gg, Gg, Gg, Gg, Gg, Gg, Gg, Gg, Gg, Gg
Rr^Vhc, Rr^Vhc, Rr^Vhc, Rr^Vhc, Rr^Vhc, Rr^Vhc, Rr^Vhc, Rr^Vhc, Rr^Vhc, Rr^Vhc, Rr^Vhc, Rr^Vhc, Rr^Vhc, Rr^Vhc, Rr^Vhc, Cf, Wo, Wo, Gg, Gg, Gg, Gg, Gg, Gg, Gg, Gg, Gg, Gg, Gg, Gg, Gg, Gg, Gg, Gg, Gg, Gg, Gg, Gg, Gg, Gg, Gg, Gg, Gg, Gg, Gg, Gg, Gg, Gg, Gg, Gg, Gg, Gg, Gg, Gg, Gg, Gg, Gg, Gg, Gg, Gg, Gg, Gg, Gg, Gg, Gg, Gg, Gg, Gg, Gg, Gg, Gg, Gg, Gll^Fp, Gll^Fp, Gg, Gg, Gg, Gg, Gg, Gg, Gg, Gg, Gg, Gg, Gg, Gg, Gg, Gg, Gg, Gg, Gg, Gg, Gg, Gg, Gg, Gg, Gg, Gg, Gg, Gg, Gg, Gg
Rr^Vhc, Rr^Vhc, Rr^Vhc, Rr^Vhc, Rr^Vhc, Rr^Vhc, Rr^Vhc, Rr^Vhc, Rr^Vhc, Rr^Vhc, Rr^Vhc, Rr^Vhc, Rr^Vhc, Rr^Vhc, Cf, Cf, Wo, Gg, Gg, Gg, Gg, Gg, Gg, Gg, Gg, Gg, Gg, Gg, Gg, Gg, Gg, Gg, Gg, Gg, Gg, Gg, Gg, Gg, Gg, Gg, Gg, Gg, Gg, Gg, Wot, Gg, Gg, Gg, Gg, Gg, Gg, Gg, Gg, Gg, Wot, Gg, Gg, Gg, Gg, Gg, Gg, Gg, Gg, Gg, Gg, Gg, Gg, Gg, Gg, Gg, Gg, Gg, Gll^Fp, Gll^Fp, Gg, Gg, Gg, Gg, Gg, Gg, Gg, Gg, Gg, Gg, Gg, Gg, Gg, Gg, Gg, Gg, Gg, Gg, Gg, Gg, Gg, Gg, Gg, Gg, Gg, Gg, Gg, Gg
Rr^Vhc, Rr^Vhc, Rr^Vhc, Rr^Vhc, Rr^Vhc, Rr^Vhc, Rr^Vhc, Rr^Vhc, Rr^Vhc, Rr^Vhc, Rr^Vhc, Rr^Vhc, Cf, Cf, Wo^Bsb\, Wo, Gg, Gg, Gg, Gg, Gg, Gg, Gg, Gg, Gg, Gg, Gg, Gg, Gg, Gg, Gg, Gg, Gg, Gg, Gg, Gg, Gg, Gg, Gg, Gg, Gg, Gg, Wot, Wot, Wot, Wot, Wot, Gg, Gg, Gg, Wot, Wot, Wot, Wot, Wot, Gg, Gg, Gg, Gg, Gg, Gg, Gg, Gg, Gg, Gg, Gg, Gg, Gg, Gg, Gg, Gg, Gll^Fp, Gll^Fp, Gll^Fp, Gg, Gg, Gg, Gg, Gg, Gg, Gg, Gg, Gg, Gg, Gg, Gg, Gg, Gg, Gg, Gg, Gg, Gg, Gg, Gg, Gg, Gg, Gg, Gg, Gg, Gg, Gg, Gg
Rr^Vhc, Rr^Vhc, Rr^Vhc, Rr^Vhc, Rr^Vhc, Rr^Vhc, Rr^Vhc, Rr^Vhc, Rr^Vhc, Rr^Vhc, Cf, Cf, Wo, Wo, Wo, Urb, Urb, Urb, Urb, Urb, Urb, Gg, Gg, Gg, Gg, Gg, Gg, Gg, Gg, Gg, Gg, Gg, Gg, Gg, Gg, Gg, Gg, Gg, Wot, Gg, Wot, Wot, Wot, Wot, Wot, Wot, Wot, Wot, Wot, Wot, Wot, Wot, Wot, Wot, Wot, Wot, Wot, Wot, Wot, Wot, Wot, Gg, Gg, Gg, Gg, Gg, Gg, Gg, Gg, Gg, Gg, Gll^Fp, Gg, Gg, Gg, Gg, Gg, Gg, Gg, Gg, Gg, Gg, Gg, Gg, Gg, Gg, Gg, Gg, Gg, Gg, Gg, Gg, Gg, Gg, Gg, Gg, Gg, Gg, Gg, Gg, Gg, Gg
Rr^Vhc, Rr^Vhc, Rr^Vhc, Rr^Vhc, Rr^Vhc, Rr^Vhc, Rr^Vhc, Rr^Vhc, Cf, Cf, Wo, Wo, Wo, Wo, Wo, Wo, Gg, Gg, Gg, Gg, Gg, Gg, Gg, Gg, Gg, Gg, Gg, Gg, Gg, Gg, Gg, Gg, Wot, Gg, Wot, Gg, Wot, Wot, Wot, Wot, Wot, Wot, Wot, Wot, Wot, Wot, Wot, Wot, Wot, Wot, Wot, Wot, Wot, Wot, Wot, Wot, Wot, Wot, Wot, Wot, Wot, Wot, Gg, Gg, Gg, Gg, Gg, Gg, Wot, Wot, Wot, Wot, Wot, Gg, Gg, Gg, Gg, Gg, Gg, Gg, Gg, Gg, Gg, Gg, Gg, Gg, Gg, Gg, Gg, Gg, Gg, Gg, Gg, Gg, Gg, Gg, Gg, Gg, Gg, Gg, Gg, Gg
Rr^Vhc, Rr^Vhc, Rr^Vhc, Rr^Vhc, Cf, Cf, Cf, Cf, Wo, Wo, Wo, Wo, Wo, Wo, Wo, Wo, Gg, Gg, Gg, Gg, Gg, Gg, Gg, Gg, Gg, Gg, Gg, Gg, Wot, Gg, Wot, Wot, Wot, Wot, Wot, Wot, Wot, Wot, Wot, Wot, Wot, Wot, Wot, Wot, Wot, Wot, Wot, Wot, Wot, Wot, Wot, Wot, Wot, Wot, Wot, Wot, Wot, Wot, Wot, Wot, Wot, Wot, Wot, Wot, Wot, Wot, Wot, Wot, Wot, Wot, Wot, Wot, Gg, Gg, Gg, Gg, Gg, Gg, Gg, Gg, Gg, Gg, Gg, Gg, Gg, Gg, Gg, Gg, Gg, Gg, Gg, Gg, Gg, Gg, Gg, Gg, Gg, Gg, Gg, Gg, Gg, Gg
Rr^Vhc, Rr^Vhc, Cf, Cf, Wo, Wo, Wo, Wo, Wo, Wo, Gg, Wo, Gg, Wo, Gg, Gg, Gg, Gg, Gg, Gg, Gg, Gg, Gg, Gg, Gg, Gg, Gg, Gg, Gg, Gg, Gg, Gg, Gg, Gg, Gg, Gg, Gg, Gg, Gg, Gg, Gg, Gg, Gg, Gg, Gg, Gg, Gg, Gg, Gg, Gg, Gg, Gg, Gg, Gg, Gg, Gg, Gg, Gg, Gg, Gg, Gg, Gg, Gg, Gg, Gg, Gg, Gg, Gg, Gg, Gg, Gg, Gg, Gg, Gg, Gg, Gg, Gg, Gg, Gg, Gg, Gg, Gg, Gg, Gg, Gg, Gg, Gg, Gg, Gg, Gg, Gg, Gg, Gg, Gg, Gg, Gg, Gg, Gg, Gg, Gg, Gg, Gg
Cf, Cf, Wo, Wo, Gg, Gg, Gg, Gg, Gg, Wo, Gg, Gg, Gg, Wo, Gg, Gg, Gg, Gg, Gg, Gg, Gg, Gg, Gg, Gg, Gg, Gg, Gg, Gg, Gg, Gg, Gg, Gg, Gg, Gg, Gg, Gg, Gg, Gg, Gg, Gg, Gg, Gg, Gg, Gg, Gg, Gg, Gg, Gg, Gg, Gg, Gg, Gg, Gg, Gg, Gg, Gg, Gg, Gg, Gg, Gg, Gg, Gg, Gg, Gg, Gg, Gg, Gg, Gg, Gg, Gg, Gg, Gg, Gg, Gg, Gg, Gg, Gg, Gg, Gg, Gg, Gg, Gg, Gg, Gg, Gg, Gg, Gg, Gg, Gg, Gg, Gg, Gg, Gg, Gg, Gg, Gg, Gg, Gg, Gg, Gg, Gg, Gg
Wo, Wo, Wo, Wo, Gg, Gg, Gg, Gg, Gg, Wo, Wo, Gg, Wo, Wo, Gg, Gg, Gg, Gg, Gg, Gg, Gg, Gg, Gg, Gg, Gg, Gg, Gg, Gg, Gg, Gg, Gg, Gg, Gg, Gg, Gg, Gg, Gg, Gg, Gg, Gg, Gg, Gg, Gg, Gg, Gg, Gg, Gg, Gg, Gg, Gg, Gg, Gg, Gg, Gg, Gg, Gg, Gg, Gg, Gg, Gg, Gg, Gg, Gg, Gg, Gg, Gg, Gg, Gg, Gg, Gg, Gg, Gg, Gg, Gg, Gg, Gg, Gg, Gg, Gg, Gg, Gg, Gg, Gg, Gg, Gg, Gg, Gg, Gg, Gg, Gg, Gg, Gg, Gg, Gg, Gg, Gg, Gg, Gg, Gg, Gg, Gg, Gg
Wo, Wo, Gg, Gg, Gg, Gg, Gg, Gg, Gg, Gg, Gg, Wo, Gg, Gg, Gg, Gg, Gg, Gg, Gg, Gg, Gg, Gg, Gg, Gg, Gg, Gg, Gg, Gg, Gg, Gg, Gg, Gg, Gg, Gg, Gg, Gg, Gg, Gg, Gg, Gg, Gg, Gg, Gg, Gg, Gg, Gg, Gg, Gg, Gg, Gg, Gg, Gg, Gg, Gg, Gg, Gg, Gg, Gg, Gg, Gg, Gg, Gg, Gg, Gg, Gg, Gg, Gg, Gg, Gg, Gg, Gg, Gg, Gg, Gg, Gg, Gg, Gg, Gg, Gg, Gg, Gg, Gg, Gg, Gg, Gg, Gg, Gg, Gg, Gg, Gg, Gg, Gg, Gg, Gg, Gg, Gg, Gg, Gg, Gg, Gg, Gg, Gg
Gg, Gg, Gg, Gg, Gg, Gg, Gg, Gg, Gg, Gg, Gg, Gg, Gg, Gg, Gg, Gg, Gg, Gg, Gg, Gg, Gg, Gg, Gg, Gg, Gg, Gg, Gg, Gg, Gg, Gg, Gg, Gg, Gg, Gg, Gg, Gg, Gg, Gg, Gg, Gg, Gg, Gg, Gg, Gg, Gg, Gg, Gg, Gg, Gg, Gg, Gg, Gg, Gg, Gg, Gg, Gg, Gg, Gg, Gg, Gg, Gg, Gg, Gg, Gg, Gg, Gg, Gg, Gg, Gg, Gg, Gg, Gg, Gg, Gg, Gg, Gg, Gg, Gg, Gg, Gg, Gg, Gg, Gg, Gg, Gg, Gg, Gg, Gg, Gg, Gg, Gg, Gg, Gg, Gg, Gg, Gg, Gg, Gg, Gg, Gg, Gg, Gg
Gg, Gg, Gg, Gg, Gg, Gg, Gg, Gg, Gg, Gg, Gg, Gg, Gg, Gg, Gg, Gg, Gg, Gg, Gg, Gg, Gg, Gg, Gg, Gg, Gg, Gg, Gg, Gg, Gg, Gg, Gg, Gg, Gg, Gg, Gg, Gg, Gg, Gg, Gg, Gg, Gg, Gg, Gg, Gg, Gg, Gg, Gg, Gg, Gg, Gg, Gg, Gg, Gg, Gg, Gg, Gg, Gg, Gg, Gg, Gg, Gg, Gg, Gg, Gg, Gg, Gg, Gg, Gg, Gg, Gg, Gg, Gg, Gg, Gg, Gg, Gg, Gg, Gg, Gg, Gg, Gg, Gg, Gg, Gg, Gg, Gg, Gg, Gg, Gg, Gg, Gg, Gg, Gg, Gg, Gg, Gg, Gg, Gg, Gg, Gg, Gg, Gg
Gg, Gg, Gg, Gg, Gg, Gg, Gg, Gg, Gg, Gg, Gg, Gg, Gg, Gg, Gg, Gg, Gg, Gg, Gg, Gg, Gg, Gg, Gg, Gg, Gg, Gg, Gg, Gg, Gg, Gg, Gg, Gg, Gg, Gg, Gg, Gg, Gg, Gg, Gg, Gg, Gg, Gg, Gg, Gg, Gg, Gg, Gg, Gg, Gg, Gg, Gg, Gg, Gg, Gg, Gg, Gg, Gg, Gg, Gg, Gg, Gg, Gg, Gg, Gg, Gg, Gg, Gg, Gg, Gg, Gg, Gg, Gg, Gg, Gg, Gg, Gg, Gg, Gg, Gg, Gg, Gg, Gg, Gg, Gg, Gg, Gg, Gg, Gg, Gg, Gg, Gg, Gg, Gg, Gg, Gg, Gg, Gg, Gg, Gg, Gg, Gg, Gg
Gg, Gg, Gg, Gg, Gg, Gg, Gg, Gg, Gg, Gg, Gg, Gg, Gg, Gg, Gg, Gg, Gg, Gg, Gg, Gg, Gg, Gg, Gg, Gg, Gg, Gg, Gg, Gg, Gg, Gg, Gg, Gg, Gg, Gg, Gg, Gg, Gg, Gg, Gg, Gg, Gg, Gg, Gg, Gg, Gg, Gg, Gg, Gg, Gg, Gg, Gg, Gg, Gg, Gg, Gg, Gg, Gg, Gg, Gg, Gg, Gg, Gg, Gg, Gg, Gg, Gg, Gg, Gg, Gg, Gg, Gg, Gg, Gg, Gg, Gg, Gg, Gg, Gg, Gg, Gg, Gg, Gg, Gg, Gg, Gg, Gg, Gg, Gg, Gg, Gg, Gg, Gg, Gg, Gg, Gg, Gg, Gg, Gg, Gg, Gg, Gg, Gg
Gg, Gg, Gg, Gg, Gg, Gg, Gg, Gg, Gg, Gg, Gg, Gg, Gg, Gg, Gg, Gg, Gg, Gg, Gg, Gg, Gg, Gg, Gg, Gg, Gg, Gg, Gg, Gg, Gg, Gg, Gg, Gg, Gg, Gg, Gg, Gg, Gg, Gg, Gg, Gg, Gg, Gg, Gg, Gg, Gg, Gg, Gg, Gg, Gg, Gg, Gg, Gg, Gg, Gg, Gg, Gg, Gg, Gg, Gg, Gg, Gg, Gg, Gg, Gg, Gg, Gg, Gg, Gg, Gg, Gg, Gg, Gg, Gg, Gg, Gg, Gg, Gg, Gg, Gg, Gg, Gg, Gg, Gg, Gg, Gg, Gg, Gg, Gg, Gg, Gg, Gg, Gg, Gg, Gg, Gg, Gg, Gg, Gg, Gg, Gg, Gg, Gg
Gg, Gg, Gg, Gg, Gg, Gg, Gg, Gg, Gg, Gg, Gg, Gg, Gg, Gg, Gg, Gg, Gg, Gg, Gg, Gg, Gg, Gg, Gg, Gg, Gg, Gg, Gg, Gg, Gg, Gg, Gg, Gg, Gg, Gg, Gg, Gg, Gg, Gg, Gg, Gg, Gg, Gg, Gg, Gg, Gg, Gg, Gg, Gg, Gg, Gg, Gg, Gg, Gg, Gg, Gg, Gg, Gg, Gg, Gg, Gg, Gg, Gg, Gg, Gg, Gg, Gg, Gg, Gg, Gg, Gg, Gg, Gg, Gg, Gg, Gg, Gg, Gg, Gg, Gg, Gg, Gg, Gg, Gg, Gg, Gg, Gg, Gg, Gg, Gg, Gg, Gg, Gg, Gg, Gg, Gg, Gg, Gg, Gg, Gg, Gg, Gg, Gg
Gg, Gg, Gg, Gg, Gg, Gg, Gg, Gg, Gg, Gg, Gg, Gg, Gg, Gg, Gg, Gg, Gg, Gg, Gg, Gg, Gg, Gg, Gg, Gg, Gg, Gg, Gg, Gg, Gg, Gg, Gg, Gg, Gg, Gg, Gg, Gg, Gg, Gg, Gg, Gg, Gg, Gg, Gg, Gg, Gg, Gg, Gg, Gg, Gg, Gg, Gg, Gg, Gg, Gg, Gg, Gg, Gg, Gg, Gg, Gg, Gg, Gg, Gg, Gg, Gg, Gg, Gg, Gg, Gg, Gg, Gg, Gg, Gg, Gg, Gg, Gg, Gg, Gg, Gg, Gg, Gg, Gg, Gg, Gg, Gg, Gg, Gg, Gg, Gg, Gg, Gg, Gg, Gg, Gg, Gg, Gg, Gg, Gg, Gg, Gg, Gg, Gg
Gg, Gg, Gg, Gg, Gg, Gg, Gg, Gg, Gg, Gg, Gg, Gg, Gg, Gg, Gg, Gg, Gg, Gg, Gg, Gg, Gg, Gg, Gg, Gg, Gg, Gg, Gg, Gg, Gg, Gg, Gg, Gg, Gg, Gg, Gg, Gg, Gg, Gg, Gg, Gg, Gg, Gg, Gg, Gg, Gg, Gg, Gg, Gg, Gg, Gg, Gg, Gg, Gg, Gg, Gg, Gg, Gg, Gg, Gg, Gg, Gg, Gg, Gg, Gg, Gg, Gg, Gg, Gg, Gg, Gg, Gg, Gg, Gg, Gg, Gg, Gg, Gg, Gg, Gg, Gg, Gg, Gg, Gg, Gg, Gg, Gg, Gg, Gg, Gg, Gg, Gg, Gg, Gg, Gg, Gg, Gg, Gg, Gg, Gg, Gg, Gg, Gg
Gg, Gg, Gg, Gg, Gg, Gg, Gg, Gg, Gg, Gg, Gg, Gg, Mm, Gg, Mm, Gg, Gg, Gg, Gg, Gg, Gg, Gg, Gg, Gg, Gg, Gg, Gg, Gg, Gg, Gg, Gg, Gg, Gg, Gg, Gg, Gg, Gg, Gg, Gg, Gg, Gg, Gg, Gg, Gg, Gg, Gg, Gg, Gg, Gg, Gg, Gg, Gg, Gg, Gg, Gg, Gg, Gg, Gg, Gg, Gg, Gg, Gg, Gg, Gg, Gg, Gg, Gg, Gg, Gg, Gg, Gg, Gg, Gg, Gg, Gg, Gg, Gg, Gg, Gg, Gg, Gg, Gg, Gg, Gg, Gg, Gg, Gg, Gg, Gg, Gg, Gg, Gg, Gg, Gg, Gg, Gg, Gg, Gg, Gg, Gg, Gg, Gg
Gg, Gg, Gg, Gg, Gg, Gg, Gg, Gg, Gg, Gg, Mm, Mm, Mm, Mm, Mm, Mm, Mm, Mm, Mm, Gg, Gg, Gg, Gg, Gg, Gg, Gg, Gg, Gg, Gg, Gg, Gg, Gg, Gg, Gg, Gg, Gg, Gg, Gg, Gg, Gg, Gg, Gg, Gg, Gg, Gg, Gg, Gg, Gg, Gg, Gg, Gg, Gg, Gg, Gg, Gg, Gg, Gg, Gg, Gg, Gg, Gg, Gg, Gg, Gg, Gg, Gg, Gg, Gg, Gg, Gg, Gg, Gg, Gg, Gg, Gg, Gg, Gg, Gg, Gg, Gg, Gg, Gg, Gg, Gg, Gg, Gg, Gg, Gg, Gg, Gg, Gg, Gg, Gg, Gg, Gg, Gg, Gg, Gg, Gg, Gg, Gg, Gg
Gg, Gg, Gg, Gg, Gg, Gg, Gg, Gg, Mm, Mm, Mm, Mm, Mm, Mm, Ww^Vm, Mm, Mm, Mm, Mm, Mm, Mm, Gg, Gg, Gg, Gg, Gg, Gg, Gg, Gg, Gg, Gg, Gg, Gg, Gg, Gg, Gg, Gg, Gg, Gg, Gg, Gg, Gg, Gg, Gg, Gg, Gg, Gg, Gg, Gg, Gg, Gg, Gg, Gg, Gg, Gg, Gg, Gg, Gg, Gg, Gg, Gg, Gg, Gg, Gg, Gg, Gg, Gg, Gg, Gg, Gg, Gg, Gg, Gg, Gg, Gg, Gg, Gg, Gg, Gg, Gg, Gg, Gg, Gg, Gg, Gg, Gg, Gg, Gg, Gg, Gg, Gg, Gg, Gg, Gg, Gg, Gg, Gg, Gg, Gg, Gg, Gg, Gg
Gg, Gg, Gg, Gg, Gg, Gg, Gg, Gg, Mm, Mm, Mm, Mm, Ww^Vm, Ww^Vm, Ww^Vm, Ww^Vm, Ww^Vm, Mm, Mm, Mm, Mm, Gg, Gg, Gg, Gg, Gg, Gg, Gg, Gg, Gg, Gg, Gg, Gg, Gg, Gg, Gg, Gg, Gg, Gg, Gg, Gg, Gg, Gg, Gg, Gg, Gg, Gg, Gg, Gg, Gg, Gg, Gg, Gg, Gg, Gg, Gg, Gg, Gg, Gg, Gg, Gg, Gg, Gg, Gg, Gg, Gg, Gg, Gg, Gg, Gg, Gg, Gg, Gg, Gg, Gg, Gg, Gg, Gg, Gg, Gg, Gg, Gg, Gg, Gg, Gg, Gg, Gg, Gg, Gg, Gg, Gg, Gg, Gg, Gg, Gg, Gg, Gg, Gg, Gg, Gg, Gg, Gg
Gg, Gg, Gg, Gg, Gg, Gg, Gg, Mm, Mm, Mm, Mm, Ww^Vm, Ww^Vm, Wo, Ww^Vm, Ww^Vm, Wo, Ww^Vm, Mm, Mm, Gg, Gg, Gg, Gg, Gg, Gg, Gg, Gg, Gg, Gg, Gg, Gg, Gg, Gg, Gg, Gg, Gg, Gg, Gg, Gg, Gg, Gg, Gg, Gg, Gg, Gg, Gg, Gg, Gg, Gg, Gg, Gg, Gg, Gg, Gg, Gg, Gg, Gg, Gg, Gg, Gg, Gg, Gg, Gg, Gg, Gg, Gg, Gg, Gg, Gg, Gg, Gg, Gg, Gg, Gg, Gg, Gg, Gg, Gg, Gg, Gg, Gg, Gg, Gg, Gg, Gg, Gg, Gg, Gg, Gg, Gg, Gg, Gg, Gg, Gg, Gg, Gg, Gg, Gg, Gg, Gg, Gg
Gg, Gg, Gg, Gg, Gg, Gg, Gg, Gg, Gg, Mm, Mm, Ww^Vm, Ww^Vm, Ww^Vm, Wot, Wo, Ww^Vm, Ww^Vm, Mm, Mm, Gg, Gg, Gg, Gg, Gg, Gg, Gg, Gg, Gg, Gg, Gg, Gg, Gg, Gg, Gg, Gg, Gg, Gg, Gg, Gg, Gg, Gg, Gg, Gg, Gg, Gg, Gg, Gg, Gg, Gg, Gg, Gg, Gg, Gg, Gg, Gg, Gg, Gg, Gg, Gg, Gg, Gg, Gg, Gg, Gg, Gg, Gg, Gg, Gg, Gg, Gg, Gg, Gg, Gg, Gg, Gg, Gg, Gg, Gg, Gg, Gg, Gg, Gg, Gg, Gg, Gg, Gg, Gg, Gg, Gg, Gg, Gg, Gg, Gg, Gg, Gg, Gg, Gg, Gg, Gg, Gg, Gg
Gg, Gg, Gg, Gg, Gg, Gg, Gg, Urb, Urb, Urb, Urb, Urb, Urb, Wot, Wot, Ww^Vm, Mm, Mm, Mm, Gg, Gg, Gg, Gg, Gg, Gg, Gg, Gg, Gg, Gg, Gg, Gg, Gg, Gg, Gg, Gg, Gg, Gg, Gg, Gg, Gg, Gg, Gg, Gg, Gg, Gg, Gg, Gg, Gg, Gg, Gg, Gg, Gg, Gg, Gg, Gg, Gg, Gg, Gg, Gg, Gg, Gg, Gg, Gg, Gg, Gg, Gg, Gg, Gg, Gg, Gg, Gg, Gg, Gg, Gg, Gg, Gg, Gg, Gg, Gg, Gg, Gg, Gg, Gg, Gg, Gg, Gg, Gg, Gg, Gg, Gg, Gg, Gg, Gg, Gg, Gg, Gg, Gg, Gg, Gg, Gg, Gg, Gg
Gg, Gg, Gg, Gg, Gg, Gg, Gg, Urb, Wot^Bw\, Urb, Wot, Urb, Wot, Wot, Gg, Gg, Gg, Mm, Gg, Gg, Gg, Gg, Gg, Gg, Gg, Gg, Gg, Gg, Gg, Gg, Gg, Gg, Gg, Gg, Gg, Gg, Gg, Gg, Gg, Gg, Gg, Gg, Gg, Gg, Gg, Gg, Gg, Gg, Gg, Gg, Gg, Gg, Gg, Gg, Gg, Gg, Gg, Gg, Gg, Gg, Gg, Gg, Gg, Gg, Gg, Gg, Gg, Gg, Gg, Gg, Gg, Gg, Gg, Gg, Gg, Gg, Gg, Gg, Gg, Gg, Gg, Gg, Gg, Gg, Gg, Gg, Gg, Gg, Gg, Gg, Gg, Gg, Gg, Gg, Gg, Gg, Gg, Gg, Gg, Gg, Gg, Gg
Gg, Gg, Gg, Gg, Gg, Gg, Gg, Gg, Wot, Wot^Bw\, Wot^Bw\, Wot, Wot, Wot, Wot, Wot, Wot, Gg, Gg, Gg, Gg, Gg, Gg, Gg, Gg, Gg, Gg, Gg, Gg, Gg, Gg, Gg, Gg, Gg, Gg, Gg, Gg, Gg, Gg, Gg, Gg, Gg, Gg, Gg, Gg, Gg, Gg, Gg, Gg, Gg, Gg, Gg, Gg, Gg, Gg, Gg, Gg, Gg, Gg, Gg, Gg, Gg, Gg, Gg, Gg, Gg, Gg, Gg, Gg, Gg, Gg, Gg, Gg, Gg, Gg, Gg, Gg, Gg, Gg, Gg, Gg, Gg, Gg, Gg, Gg, Gg, Gg, Gg, Gg, Gg, Gg, Gg, Gg, Gg, Gg, Gg, Gg, Gg, Gg, Gg, Gg, Gg
Gg, Gg, Gg, Gg, Gg, Gg, Gg, Gg, Gg, Wot, Kv, Kv, Kv, Wot, Gg, Wot, Gg, Gg, Gg, Gg, Gg, Gg, Gg, Gg, Gg, Gg, Gg, Gg, Gg, Gg, Gg, Gg, Gg, Gg, Gg, Gg, Gg, Gg, Gg, Gg, Gg, Gg, Gg, Gg, Gg, Gg, Gg, Gg, Gg, Gg, Gg, Gg, Gg, Gg, Gg, Gg, Gg, Gg, Gg, Gg, Gg, Gg, Gg, Gg, Gg, Gg, Gg, Gg, Gg, Gg, Gg, Gg, Gg, Gg, Gg, Gg, Gg, Gg, Gg, Gg, Gg, Gg, Gg, Gg, Gg, Gg, Gg, Gg, Gg, Gg, Gg, Gg, Gg, Gg, Gg, Gg, Gg, Gg, Gg, Gg, Gg, Gg
Gg, Gg, Gg, Gg, Gg, Gg, Gg, Gg, Gg, Gg, Gg, Kv, Gg, Gg, Gg, Gg, Gg, Gg, Gg, Gg, Gg, Gg, Gg, Gg, Gg, Gg, Gg, Gg, Gg, Gg, Gg, Gg, Gg, Gg, Gg, Gg, Gg, Gg, Gg, Gg, Gg, Gg, Gg, Gg, Gg, Gg, Gg, Gg, Gg, Gg, Gg, Gg, Gg, Gg, Gg, Gg, Gg, Gg, Gg, Gg, Gg, Gg, Gg, Gg, Gg, Gg, Gg, Gg, Gg, Gg, Gg, Gg, Gg, Gg, Gg, Gg, Gg, Gg, Gg, Gg, Gg, Gg, Gg, Gg, Gg, Gg, Gg, Gg, Gg, Gg, Gg, Gg, Gg, Gg, Gg, Gg, Gg, Gg, Gg, Gg, Gg, Gg
Gg, Gg, Gg, Gg, Gg, Gg, Gg, Gg, Gg, Gg, Gg, Gg, Gg, Gg, Gg, Gg, Gg, Gg, Gg, Gg, Gg, Gg, Gg, Gg, Gg, Gg, Gg, Gg, Gg, Gg, Gg, Gg, Gg, Gg, Gg, Gg, Gg, Gg, Gg, Gg, Gg, Gg, Gg, Gg, Gg, Gg, Gg, Gg, Gg, Gg, Gg, Gg, Gg, Gg, Gg, Gg, Gg, Gg, Gg, Gg, Gg, Gg, Gg, Gg, Gg, Gg, Gg, Gg, Gg, Gg, Gg, Gg, Gg, Gg, Gg, Gg, Gg, Gg, Gg, Gg, Gg, Gg, Gg, Gg, Gg, Gg, Gg, Gg, Gg, Gg, Gg, Gg, Gg, Gg, Gg, Gg, Gg, Gg, Gg, Gg, Gg, Gg
