Hd, Hd, Dd^Do, Hd, Hd, Hd, Hd, Hd, Hd, Hd, Hd, Hd, Hd, Hd, Hd, Hd, Hd, Hd, Hd, Hd, Hd, Hd, Hd, Hd, Hd, Hd, Hd, Md, Md, Ql, Md, Md, Md, Md, Mv, Md, Md, Md, Mv, Md, Md, Md, Md, Md, Md, Gg
Hd, Dd^Do, Dd^Do, Hd, Hd, Hd, Hd, Hd, Hd, Hd, Dd^Vda, Hd, Dd^Vda, Hd, Dd^Do, Hd, Hd, Hd, Hd, Hd, Hd, Hd, Hd, Hd, Hd, Hd, Gg, Md, Md, Ql, Ql, Mv, Md, Md, Md, Mv, Md, Md, Cfr, Cfr, Cfr, Md, Mv, Md, Md, Gg
Hd, Hd, Hd, Hd, Hd, Hd, Hd, Hd, Hd, Hd, Dd^Vda, Dd^Do, Dd^Do, Dd^Do, Dd^Vda, Hd, Hd, Hd, Hd, Hd, Hd, Hd, Hd, Hd, Gg, Gg, Gg, Gg, Gg, Md, Md, Ql, Md, Md, Mv, Md, Md, Cfr, Cfr, Koa, Cfr, Md, Md, Mv, Md, Md
Hd, Hd, Hd, Hd, Hd, Hd, Hd, Hd, Hd, Hd, Dd^Vda, Dd^Do, Dd^Do, Dd^Do, Dd^Do, Dd^Vda, Hd, Hd, Hd, Hd, Hd, Hd, Gg, Gg, Gg, Gg, Gg, Gg, Gg, Md, Md, Ql, Ql, Md, Ql, Md, Md, Md, Mv, Cfr, Md, Md, Md, Mv, Md, Md
Hd, Hd, Hd^Edp, Hd, Hd^Edp, Hd, Hd, Hd, Hd, Hd, Hd, Dd^Vda, Dd^Vda, Dd^Do, Hd, Hd, Hd, Hd, Hd, Hd, Gg, Gg, Gg, Gg, Gg, Gg, Gg, Gg, Gg, Gg, Gg, Md, Md, Md, Md, Ql, Ql^Bw/, Md, Ql, Md, Ql, Md, Ql, Ql, Ql, Ql
Hd, Hd^Edp, Hd, Hd, Hd^Edp, Hd, Hd^Edp, Hd, Hd, Hd, Hd, Hd, Hd, Hd, Hd, Hd, Hd, Hd, Hd, Hd, Gg, Gg, Gg, Gg, Gg, Gg, Gg, Gg, Gg, Gg, Gg, Gg, Gg, Urb, Urb, Urb, Md, Ql, Md, Ql, Md, Ql, Md, Md, Md, Md
Hd, Hd, Hd, Hd, Hd, Hd, Hd, Hd, Hd, Hd, Hd, Hd, Hd, Hd, Hd, Hd, Hd, Hd, Hd, Gg, Gg, Gg, Gg, Gg, Gg, Gg, Gg, Gg, Gg, Gg, Gg, Gg, Urb, Urb, Urb, Urb, Md, Md, Gg, Md, Gg, Md, Gg, Gg, Gg, Gg
Hd, Hd, Dd^Do, Hd, Hd, Hd, Hd, Hd, Dd^Edp, Hd, Hd, Hd, Hd, Hd, Dd^Edp, Hd, Hd, Hd, Gg, Gg, Gg, Gg, Gg, Gg, Gg, Gg, Gg, Gg, Gg, Gg, Gg, Urb, Gg, Gg, Gg, Gg, Gg, Gg, Gg, Gg, Gg, Gg, Gg, Gg, Gg, Gg
Hd, Dd^Do, Dd^Do, Dd^Do, Hd, Hd, Hd, Hd, Hd, Dd^Edp, Hd, Dd^Edp, Hd, Hd, Hd, Hd, Hd, Hd, Gg, Gg, Gg, Gg, Gg, Gg, Gg, Gg, Gg, Gg, Gg, Gg, Gg, Urb, Urb, Gg, Gg, Gg, Gg, Gg, Gg, Gg, Gg, Gg, Gg, Gg, Gg, Gg
Hd, Hd, Hd, Dd^Do, Hd, Hd, Hd, Hd, Hd, Hd, Hd, Hd, Hd, Hd, Hd, Hd, Hd, Hd, Gg, Gg, Gg, Gg, Gg, Gg, Gg, Gg, Gg, Gg, Gg, Gg, Gg, Gg, Urb, Gg, Gg, Gg, Gg, Gg, Gg, Gg, Gg, Gg, Gll^Fp, Gll^Fp, Gll^Fp, Gg
Hd, Hd, Hd, Hd, Hd, Hd, Hd, Hd, Hd, Hd, Hd, Hd, Hd, Hd, Hd, Hd, Gg, Gg, Gg, Gg, Gg, Gg, Gg, Gg, Gg, Gg, Gg, Gg, Gg, Gg, Gg, Gg, Gd^Vhr, Urb, Gd^Vhr, Gg, Gg, Gg, Gg, Gg, Gg, Gg, Gg, Gll^Fp, Gll^Fp, Gll^Fp
Hd, Hd, Hd, Hd, Hd, Hd, Hd, Hd, Hd, Hd, Hd, Hd, Hd, Hd, Hd, Hd, Gg, Gg, Gg, Gg, Gg, Gg, Gg, Gg, Gg, Gg, Gg, Gg, Gg, Gd^Vhr, Gd^Vhr, Gg, Gd^Vhr, Gd^Vhr, Gg, Gd^Vhr, Gd^Vhr, Gg, Gg, Gg, Gg, Gg, Gg, Gg, Gll^Fp, Gll^Fp
Wo, Hd, Wo, Hd, Hd, Hd, Hd, Hd, Hd, Hd, Hd, Hd, Urb, Hd, Gg, Gg, Gg, Gg, Gg, Gg, Gg, Gg, Gg, Gg, Gg, Gg, Gg, Gg, Gg, Gg, Gd^Vhr, Gd^Vhr, Urb, Gd^Vhr, Gd^Vhr, Gg, Gg, Gg, Gg, Gg, Gg, Gg, Gg, Gg, Gll^Fp, Gll^Fp
Wo, Wo, Wo, Wo, Wo, Wo, Wo, Hd, Gg, Gg, Gg, Gg, Urb, Gg, Gg, Gg, Gg, Gg, Gg, Gg, Gg, Gg, Gg, Gg, Gg, Gg, Gg, Gg, Gg, Gg, Gg, Gg, Gg, Urb, Gg, Gg, Gg, Gg, Gg, Gg, Gg, Gg, Gg, Gll^Fp, Gll^Fp, Gll^Fp
Gg, Gg, Gg, Gg, Gg, Wo, Wo, Wo, Gg, Gg, Gg, Gg, Urb, Gg, Gg, Gg, Gg, Gg, Gg, Gg, Ce, Ce, Ce, Gg, Gg, Gg, Gg, Gg, Gg, Gg, Gg, Gg, Gg, Urb, Gg, Gg, Gg, Gg, Gg, Gg, Gg, Gg, Gll^Fp, Gll^Fp, Gll^Fp, Gll^Fp
Cf, Cf, Cf, Cf, Cf, Cf, Cf, Wo, Wo, Gg, Gg, Gg, Urb, Gg, Gg, Gg, Gg, Gg, Ce, Ce, Urb, Urb, Urb, Ce, Ce, Gg, Gg, Gg, Gg, Gg, Gg, Gg, Gg, Urb, Gg, Gg, Gg, Gg, Gg, Gg, Gll^Fp, Gll^Fp, Gll^Fp, Gll^Fp, Gll^Fp, Gll^Fp
Rr^Vhc, Rr^Vhc, Rr^Vhc, Rr^Vhc, Rr^Vhc, Rr^Vhc, Rr^Vhc, Cf, Cf, Wo, Wo, Gg, Urb, Gg, Gg, Gg, Ce, Ce, Urb, Urb, Gg^Vwm, Gs^Vh, Gs^Vh, Gg^Vwm, Urb, Ce, Ce, Gg, Gg, Gg, Gg, Gg, Urb, Urb, Gg, Gg, Gg, Gg, Gll^Fp, Gll^Fp, Gll^Fp, Gll^Fp, Gll^Fp, Gll^Fp, Gll^Fp, Gll^Fp
Rr^Vhc, Rr^Vhc, Rr^Vhc, Rr^Vhc, Rr^Vhc, Rr^Vhc, Rr^Vhc, Rr^Vhc, Rr^Vhc, Cf, Rr^Pr\o, Wo^Bsb/, Gg, Urb, Urb, Gg, Urb, Rr^Pw\o, Ce, Urb, Gs^Vh, Gs^Vh, Urb, Gs^Vh, Urb, Urb, Rr^Pw/o, Ce, Gg, Gg, Gg, Gg, Urb, Urb, Gg, Gg, Gg, Gll^Fp, Gll^Fp, Gll^Fp, Gll^Fp, Gll^Fp, Gll^Fp, Gll^Fp, Gll^Fp, Gll^Fp
Rr^Vhc, Rr^Vhc, Rr^Vhc, Rr^Vhc, Kh, Rr^Vhc, Rr^Vhc, Rr^Vhc, Rr^Vhc, Gg, Cf, Wo, Gg, Gg, Gg, Urb, Gg, Gg, Ce, Urb, Urb, Gs^Vh, Urb, Urb, Ce, Ce, Gg, Urb, Urb, Gg, Urb, Urb, Urb, Urb, Urb, Gg, Urb, Gll^Fp, Gll^Fp, Gll^Fp, Gll^Fp, Gll^Fp, Gll^Fp, Gll^Fp, Gll^Fp, Gll^Fp
Rr^Vhc, Rr^Vhc, Rr^Vhc, Kh, Kh, Kh, Rr^Vhc, Rr^Vhc, Rr^Vhc, Cf, Cf, Wo, Gg, Gg, Gg, Gg, Gg, Gg, Gg, Ce, Ce, Ce, Ce, Ce, Gg, Gg, Gg, Gg, Gg, Urb, Gg, Gg, Gg, Gg, Gg, Urb, Gg, Gll^Fp, Gll^Fp, Gll^Fp, Gll^Fp, Gll^Fp, Gll^Fp, Gll^Fp, Gll^Fp, Gll^Fp
Rr^Vhc, Rr^Vhc, Rr^Vhc, Rr^Vhc, Rr^Vhc, Rr^Vhc, Rr^Vhc, Rr^Vhc, Rr^Vhc, Cf, Cf, Wo, Gg, Gg, Gg, Gg, Gg, Gg, Gg, Gg, Gg, Gg, Gg, Gg, Gg, Gg, Gg, Gg, Gg, Gg, Gg, Gg, Gg, Gg, Gg, Gg, Gg, Gll^Fp, Gll^Fp, Gll^Fp, Gll^Fp, Gll^Fp, Gll^Fp, Gll^Fp, Gll^Fp, Gll^Fp
Rr^Vhc, Rr^Vhc, Rr^Vhc, Rr^Vhc, Rr^Vhc, Rr^Vhc, Rr^Vhc, Rr^Vhc, Cf, Cf, Wo, Wo, Gg, Gg, Gg, Gg, Gg, Gg, Gg, Gg, Gg, Gg, Gg, Gg, Gg, Gg, Gg, Gg, Gg, Gg, Gg, Gg, Gg, Gg, Gg, Gg, Gg, Gll^Fp, Gll^Fp, Gll^Fp, Gll^Fp, Gll^Fp, Gll^Fp, Gll^Fp, Gll^Fp, Gll^Fp
Rr^Vhc, Rr^Vhc, Rr^Vhc, Rr^Vhc, Rr^Vhc, Rr^Vhc, Rr^Vhc, Cf, Cf, Cf, Wo, Gg, Gg, Gg, Gg, Gg, Gg, Gg, Gg, Gg, Mm, Mm, Mm, Mm, Mm, Gg, Mm, Gg, Gg, Gg, Gg, Gg, Gg, Gg, Gg, Gg, Gg, Gll^Fp, Gll^Fp, Gll^Fp, Gll^Fp, Gll^Fp, Gll^Fp, Gll^Fp, Gll^Fp, Gll^Fp
Rr^Vhc, Rr^Vhc, Rr^Vhc, Rr^Vhc, Cf, Cf, Cf, Cf, Wo^Bsb\, Wo, Gg, Gg, Gg, Gg, Gg, Gg, Gg, Gg, Mm, Mm, Mm, Mm, Mm, Mm, Mm, Mm, Mm, Mm, Mm, Gg, Gg, Gg, Gg, Gg, Gg, Gg, Gg, Gll^Fp, Gll^Fp, Gll^Fp, Gll^Fp, Gll^Fp, Gll^Fp, Gll^Fp, Gll^Fp, Gll^Fp
Cf, Cf, Cf, Cf, Cf, Cf, Wo, Wo, Gg, Urb, Urb, Gg, Gg, Gg, Gg, Gg, Gg, Mm, Mm, Mm, Mm, Mm, Ww^Vm, Ww^Vm, Ww^Vm, Mm, Mm, Mm, Mm, Mm, Gg, Gg, Gg, Gg, Gg, Gg, Gg, Gg, Gll^Fp, Gll^Fp, Gll^Fp, Gll^Fp, Gll^Fp, Gll^Fp, Gll^Fp, Gll^Fp
Wo, Wo, Wo, Wo, Wo, Wo, Gg, Gg, Gg, Gg, Gg, Urb, Urb, Gg, Gg, Gg, Mm, Mm, Mm, Mm, Ww^Vm, Ww^Vm, Wo, Ww^Vm, Ww^Vm, Ww^Vm, Ww^Vm, Mm, Mm, Mm, Gg, Gg, Gg, Gg, Gg, Gg, Gg, Gg, Gg, Gg, Gg, Gll^Fp, Gll^Fp, Gll^Fp, Gll^Fp, Gll^Fp
Gg, Wo, Gg, Gg, Gg, Gg, Gg, Gg, Gg, Gg, Gg, Gg, Gg, Urb, Urb, Gg, Gg, Mm, Mm, Mm, Ww^Vm, Ww^Vm, Ww^Vm, Ww^Vm, Wo, Wo, Ww^Vm, Mm, Mm, Gg, Gg, Gg, Gg, Gg, Gg, Gg, Gg, Gg, Gg, Gg, Gg, Gg, Gll^Fp, Gll^Fp, Gll^Fp, Gll^Fp
Gg, Gg, Gg, Gg, Gg, Gg, Gg, Gg, Gg, Gg, Gg, Gg, Gg, Gg, Gg, Urb, Urb, Gg, Urb, Mm, Urb, Ww^Vm, Wot, Wot, Ww^Vm, Ww^Vm, Mm, Mm, Gg, Gg, Gg, Gg, Gg, Gg, Gg, Gg, Gg, Gg, Gg, Gg, Gg, Gg, Gg, Gll^Fp, Gll^Fp, Gll^Fp
Gg, Gg, Gg, Gg, Gg, Gg, Gg, Gg, Gg, Gg, Gg, Gg, Gg, Gg, Gg, Gg, Urb, Urb, Urb, Urb, Urb, Urb, Wot, Wot, Gg, Mm, Mm, Mm, Gg, Gg, Gg, Gg, Gg, Gg, Gg, Gg, Gg, Gg, Gg, Gg, Gg, Gg, Gg, Gll^Fp, Gll^Fp, Gll^Fp
Gg, Gg, Gg, Gg, Gg, Gg, Gg, Gg, Gg, Gg, Gg, Gg, Gg, Gg, Gg, Gg, Gg, Wot^Bw\, Wot^Bw\, Wot, Wot, Wot, Wot, Gg, Wot, Gg, Gg, Gg, Gg, Gg, Gg, Gg, Gg, Gg, Gg, Gg, Gg, Gg, Gg, Gg, Gg, Gg, Gg, Gg, Gll^Fp, Gll^Fp
Gg, Gg, Gg, Gg, Gg, Gg, Gg, Gg, Gg, Gg, Gg, Gg, Gg, Gg, Gg, Gg, Wot, Wot, Wot, Wot^Bw\, Kv, Wot, Wot, Wot, Wot, Wot, Wot, Gg, Gg, Gg, Gg, Gg, Gg, Gg, Gg, Gg, Gg, Gg, Gg, Gg, Gg, Gg, Gg, Gg, Gll^Fp, Gll^Fp
Gg, Gg, Gg, Gg, Gg, Gg, Gg, Gg, Gg, Gg, Gg, Gg, Gg, Gg, Wot, Wot, Wot, Wot, Wot, Kv, Kv, Kv, Wot, Wot, Wot, Wot, Wot, Gg, Gg, Gg, Gg, Gg, Gg, Gg, Gg, Gg, Gg, Gg, Gg, Gg, Gg, Gg, Gg, Gll^Fp, Gll^Fp, Gll^Fp
Gg, Gg, Gg, Gg, Gg, Gg, Gg, Gg, Gg, Gg, Wot, Gg, Wot, Wot, Wot, Wot, Wot, Wot, Wot, Wot, Wot, Wot, Wot, Wot, Wot, Wot, Wot, Wot, Wot, Wot, Wot, Wot, Wot, Gg, Gg, Gg, Gg, Gg, Gg, Gg, Gg, Gg, Gg, Gll^Fp, Gg, Gg
Gg, Gg, Gg, Gg, Wot, Gg, Wot, Gg, Wot, Wot, Wot, Wot, Wot, Wot, Wot, Wot, Wot, Wot, Wot, Wot, Wot, Wot, Wot, Wot, Wot, Wot, Wot, Wot, Wot, Wot, Wot, Wot, Wot, Wot, Gg, Gg, Gg, Gg, Gg, Gg, Wot, Wot, Wot, Wot, Wot, Gg
Wot, Gg, Wot, Wot, Wot, Wot, Wot, Wot, Wot, Wot, Wot, Wot, Wot, Wot, Wot, Wot, Wot, Wot, Wot, Wot, Wot, Wot, Wot, Wot, Wot, Wot, Wot, Wot, Wot, Wot, Wot, Wot, Wot, Wot, Wot, Wot, Wot, Wot, Wot, Wot, Wot, Wot, Wot, Wot, Gg, Gg
