Ms, Ms, Ms, Ms, Ms, Ms, Ms, Ms, Ms, Ms, Ms, Ms, Ms, Ha, Ha, Ha, Aa^Vaa, Aa^Vaa, Aa^Vaa, Aa^Vaa, Aa^Vaa, Ha, Ha, Ha, Ms, Ms, Ms, Ms, Ai, Ai, Ai, Ai, Ai, Ai, Ms, Ms, Ms, Ms, Ms, Ms, Ms, Ms, Ms, Ms, Ms, Ms, Ms^Xm, Ms, Ms, Ms, Ha, Ha, Ha, Ha, Ms^Xm, Ha, Ms, Ha, Ms, Ms, Ms, Ms, Ms^Xm, Ms^Xm, Ms^Xm, Ms^Xm, Ms^Xm, Ms^Xm, Ms, Ms^Xm, Ms^Xm, Ms, Ms^Xm, Ms, Ms^Xm, Ms, Ms^Xm, Ha, Ha, Ha, Cfa, Ha, Cfa, Ha, Cfa, Ha, Ha, Ha, Ha, Ha, Ha, Ha, Ms, Ms, Ms, Ms, Ms, Ms, Ms, Ms, Ms, Gg
Ms, Ms, Ms, Ms, Ms, Ms, Ms, Ms, Ms, Ms, Ms, Ms, Ms, Ms, Ms, Ha, Aa^Vaa, Aa^Vaa, Aa^Vaa, Aa^Vaa, Aa^Vaa, Aa^Vaa, Ha, Ms, Ms, Ms, Ms, Ms, Ai, Ai, Ai, Ai, Ai, Ai, Ms, Ms, Ms, Ms^Xm, Ms, Ms, Ms, Ms, Ms, Ms, Ms, Ms, Ms, Ms, Ms, Ms, Ha, Ha, Ha, Ha, Ha, Ms, Ms, Ms, Ms, Ms, Ms, Ms, Ms, Ms, Ms, Ms^Xm, Ms, Ms, Ms, Ms^Xm, Ms, Ms^Xm, Ms, Ms, Ms, Ms^Xm, Ms, Ms^Xm, Ha, Cfa, Cfa, Cfa, Kfa, Cfa, Cfa, Cfa, Cfa, Ha, Ha, Ha, Ha, Ms, Ms, Ms, Ms, Ms, Ms, Ms, Ms, Ms, Ms, Ha
Ms, Ms, Ms, Ms, Ha, Ms, Ha, Ms, Ha, Ms, Ha, Ms, Ms, Ms, Ms, Ha, Aa^Vaa, Aa^Vaa, Aa^Vaa, Aa^Vaa, Aa^Vaa, Aa^Vaa, Ha, Ms, Ms, Ms, Ms, Ms, Ai, Ai, Ai, Ai, Ai, Ms, Ms, Ms, Ms, Ms, Ms, Ms, Ms, Ms, Ms, Ms, Ms, Cva, Cva, Cva, Cva, Ha, Ha, Ha, Ms, Ms, Ms, Ms, Ms, Ms, Ms, Ms, Ms, Ms, Ms, Ms, Ms, Ms, Ms, Ms, Ms, Ms, Ms, Ms, Ms, Ms, Ms, Ms, Ms, Ms, Ms, Cfa, Cfa, Kfa, Kfa, Kfa, Cfa, Cfa, Cfa, Ha, Ha, Ha, Ha, Ms, Ms, Ms, Ms, Ms, Ms, Ms, Ms, Ms, Ms, Ms
Ms, Ms, Ms, Ms, Ha, Ha, Ha, Ha, Ha, Ha, Ha, Ha, Ha, Ms, Rra, Rra, Ha, Aa^Vaa, Ha, Aa^Vaa, Aa^Vaa, Aa^Vaa, Ha, Ms, Ms, Ms, Ms, Ms, Ai, Ai, Ai, Ai, Ai, Ms, Ms, Ms, Ms, Ms, Ms, Ms, Ms, Ms, Ms, Ms, Ms, Cva, Cva, Cva, Cva, Cva, Ms, Ms, Ms, Ms, Ms, Ms, Ms, Ms, Ms, Ms, Ms, Ms, Ms, Ms, Ms, Ms, Ms, Ms, Ms, Ms, Ms, Ms, Ms, Ms, Ms, Ms, Ms, Ms, Ms, Ms, Cfa, Cfa, Ms, Cfa, Ms, Cfa, Ms, Ha, Ha, Ha, Ha, Ms, Ms, Ms, Ha, Ha, Ha, Ha, Ha, Ms, Ms, Ms
Ms, Ms, Ms, Ms, Ms, Ha, Ha, Ha, Ha, Ha, Ha, Ha, Ha, Ha, Rra, Ms, Ms, Ha, Ms, Ha, Ha, Ha, Ha, Ha, Ms, Ms, Ms, Ms, Ms, Ai, Ai, Ai, Ms, Ms, Ms, Ms, Ms, Ms, Ms, Ms, Ms, Ms, Ms, Ms, Cva, Cva, Kva, Cva, Cva, Cva, Ms, Ms, Ms, Ms, Ms, Ms, Ms, Ms, Ms, Ms, Ms, Ms, Ms, Ms, Ms, Ms, Ms, Ms, Ms, Ms, Ms, Ms, Ms, Ms, Ha, Ms, Ms, Ms, Rra, Rra, Ms, Ms, Ms, Ms, Ms, Ms, Ms, Ms, Ms, Ha, Ha, Ha, Ha, Ha, Ha, Ha, Ha, Ha, Ha, Ms, Ms, Ms
Ha, Ms, Ms, Ms, Ms, Ms, Ms, Ms, Ms, Ha, Ha, Ha, Rra, Rra, Ms, Ms, Ms, Ms, Ms, Ms, Ms, Ms, Ms, Ms, Ms, Ms, Ms, Ms, Ms, Ms, Rra, Ai, Ms, Ms, Ms, Ms, Ms, Ms, Ms, Ms, Ms, Ms, Cva, Cva, Cva, Kva, Kva, Kva, Cva, Cva, Ms, Ms, Ms, Aa, Aa, Aa, Aa, Ms, Ms, Ms, Ms, Ha, Ha, Ms, Ha, Aa^Vca, Aa^Vca, Ms, Ms, Ms, Ms, Ms, Ms, Ms, Rra, Rra, Rra, Rra, Ms, Ms, Ms, Ms, Ms, Ms, Ms, Ms, Ms, Ms, Ms, Ha, Ha, Ha, Ha, Ha, Ha, Ha, Ha, Ha, Ha, Ms, Ms, Ms
Ha, Ha, Ms, Ms, Ms, Ms, Ms, Ms, Ms, Ms, Rra, Rra, Ha, Ha, Ha, Ms, Ms, Ms, Ms, Ms, Ms, Ms, Ms, Ms, Ms, Ms, Ms, Ms, Ms, Ms, Rra, Ms, Ms, Ms, Ms, Ms, Ha, Ms, Ms, Ms, Ms, Ms, Ms, Cva, Cva, Cva, Cva, Cva, Cva, Cva, Ms, Ms, Ms, Aa, Aa, Aa, Aa, Aa, Ms, Ms, Ms, Ms, Ms, Ms, Ms, Aa^Vca, Aa^Vca, Aa^Vca, Aa^Vca, Ms, Ha, Ha, Rra, Rra, Ha, Ha, Ms, Ms, Ms, Ms, Ms, Ms, Aa^Fpa, Ms, Aa^Fpa, Ms, Ms, Ms, Ms, Ms, Ms, Ha, Ha, Ha, Ha, Ha, Rb, Ha, Rb, Md, Md, Ms
Ha, Ha, Ha, Ms, Ms, Ms, Ms, Ms, Ms, Ms, Rra, Ms, Ha, Ha, Ha, Ha, Ha, Ms, Ha, Ms, Ms, Ms, Ms, Ms, Ms, Ms, Ha, Ms, Ms, Ms, Rra, Ms, Ms, Ms, Ms, Ha, Ha, Ha, Ha, Ha, Ms, Ms, Ms, Ms, Cva, Cva, Rra, Cva, Cva, Cva, Ms, Ms, Ms, Ms, Ms, Aa, Aa, Aa, Aa, Ms, Ms, Ms, Ms, Ms, Ms, Aa^Vca, Aa^Vca, Aa^Vca, Aa^Vca, Ha, Rra, Rra, Ha, Ha, Ms, Ms, Ms, Ms, Ms, Ms, Ha, Aa^Fpa, Aa^Fpa, Aa^Fpa, Aa^Fpa, Aa^Fpa, Aa^Fpa, Ms, Ms, Ms, Ms, Ha, Rb, Rb, Rb, Rb, Rb, Rb, Rb, Rb, Md, Md
Aa^Fma, Ha, Ha, Ha, Ha, Ha, Ha, Ha, Ms, Rra, Ha, Ms, Ha, Ha, Rra, Ha, Ha, Ha, Ha, Ha, Ha, Ha, Ha, Ha, Ha, Ha, Ha, Ha, Ha, Ms, Rra, Ms, Ha, Ms, Ha, Ha, Ha, Ha, Ha, Ha, Ha, Ms, Ms, Ms, Rra, Cva, Rra, Cva, Cva, Cva, Ms, Ms, Ms, Ms, Ms, Aa, Rra, Aa, Rra, Aa, Rra, Ms, Rra, Ms, Rra, Rra, Rra, Aa^Vca, Rra, Rra, Ha, Ha, Ha, Ha, Ms, Ms, Ms, Ms, Ms, Ms, Aa^Fpa, Aa^Fpa, Aa^Fpa, Aa^Fpa, Aa^Fpa, Aa^Fpa, Aa^Fpa, Ha, Ms, Ms, Rb, Rb, Rb, Rb, Md, Rb, Md, Md, Md, Md, Md, Md
Aa^Fma, Aa^Fma, Ha, Ha, Ha, Ha, Ha, Ha, Rra, Rra, Rra, Rra, Rra, Rra, Ha, Rra, Rra, Rra, Rra, Rra, Rra, Rra, Rra, Ha, Rra, Ha, Rra, Ha, Rra, Ha, Rra, Ha, Rra, Ha, Rra, Ha, Rra, Ha, Rra, Ha, Rra, Rra, Rra, Rra, Aa^Fma, Rra, Aa^Fma, Rra, Rra, Rra, Rra, Rra, Rra, Rra, Rra, Rra, Aa, Rra, Aa, Rra, Aa, Rra, Aa, Rra, Ha, Ha, Ha, Rra, Ha, Ha, Ha, Ha, Ha, Ha, Ha, Ms, Ms, Ms, Ms, Ha, Aa^Fpa, Aa^Fpa, Aa^Fpa, Aa^Fpa, Aa^Fpa, Aa^Fpa, Aa^Fpa, Ms, Ms, Ms, Rb, Rb, Md, Md, Md, Mv, Md, Md, Mv, Md, Md, Md
Aa^Fma, Aa^Fma, Aa^Fma, Aa^Fma, Aa^Fma, Ha, Aa^Vla, Aa^Vla, Aa^Fma, Aa^Fma, Aa^Fma, Ha, Aa^Fma, Ha, Ha, Ha, Ha, Ha, Ha, Ha, Ha, Ha, Ha, Rra, Ha, Rra, Ha, Rra, Ha, Rra, Ha, Rra, Ha, Rra, Ha, Rra, Ha, Rra, Ha, Rra, Ha, Ha, Aa^Fma, Aa^Fma, Aa^Fma, Aa^Fma, Aa^Fma, Aa^Fma, Aa^Fma, Aa^Fma, Aa^Fma, Ha, Aa^Fma, Ha, Ha, Ha, Ha, Aa, Aa, Aa, Aa, Aa, Ha, Ha, Ha, Ha, Ha, Ha, Ha, Ha, Ha, Ha, Ha, Ha, Ms, Ms, Ms, Ms, Ha, Aa^Fpa, Aa^Fpa, Aa^Fpa, Aa^Fpa, Aa^Fpa, Aa^Fpa, Aa^Fpa, Aa^Fpa, Ms, Ms, Ms, Rb, Rb, Mv, Md, Md, Md, Mv, Md, Md, Md, Mv, Md
Aa^Fma, Aa^Fma, Aa^Fma, Aa^Fma, Aa^Fma, Aa^Vla, Aa^Vla, Aa^Vla, Aa^Fma, Aa^Fma, Aa^Fma, Aa^Fma, Aa^Fma, Aa^Fma, Aa^Fma, Ha, Aa^Fma, Ha, Aa^Fma, Ha, Aa^Fma, Ha, Aa^Fma, Ha, Ha, Ha, Aa^Fma, Ha, Aa^Fma, Aa^Fma, Aa^Fma, Ha, Ha, Ha, Ha, Ha, Ha, Ha, Ha, Ha, Aa^Fma, Aa^Fma, Aa^Fma, Aa^Fma, Aa^Fma, Aa^Fma, Aa^Fma, Aa^Fma, Aa^Fma, Aa^Fma, Aa^Fma, Aa^Fma, Aa^Fma, Aa^Fma, Aa^Fma, Ha, Aa^Fma, Ha, Ha, Aa, Ha, Aa, Ha, Ha, Ha, Ha, Ha, Ha, Ha, Ha, Aa^Fma, Ha, Ha, Ha, Ms, Ms, Ms, Ha, Ha, Ha, Aa^Fpa, Aa^Fpa, Aa^Fpa, Aa^Fpa, Aa^Fpa, Aa^Fpa, Ms, Ms, Ms, Rb, Rb, Rb, Md, Md, Mv, Md, Md, Md, Qlf, Md, Md, Md
Aa^Fma, Aa^Fma, Aa^Fma, Aa^Fma, Aa^Fma, Aa^Fma, Rra, Aa^Fma, Aa^Fma, Aa^Fma, Aa^Fma, Aa^Fma, Aa^Fma, Aa^Fma, Aa^Fma, Aa^Fma, Aa^Fma, Aa^Fma, Aa^Fma, Aa^Fma, Aa^Fma, Aa^Fma, Aa^Fma, Aa^Fma, Aa^Fma, Aa^Fma, Aa^Fma, Aa^Fma, Aa^Fma, Aa^Fma, Aa^Fma, Aa^Fma, Aa^Fma, Aa^Fma, Aa^Fma, Aa^Fma, Aa^Fma, Aa^Fma, Aa^Fma, Aa^Fma, Aa^Fma, Aa^Fma, Aa^Fma, Aa^Fma, Gd, Gd, Gd, Aa^Fma, Aa^Fma, Aa^Fma, Gd, Aa^Fma, Aa^Fma, Aa^Fma, Aa^Fma, Aa^Fma, Aa^Fma, Aa^Fma, Aa^Fma, Ha, Aa^Fma, Aa^Fma, Aa^Fma, Ha, Aa^Fma, Ha, Aa^Fma, Aa^Fma, Aa^Fma, Aa^Fma, Aa^Fma, Aa^Fma, Ha, Ha, Ha, Ms, Ms, Ha, Ha, Ha, Ha, Ha, Ha, Aa^Fpa, Ha, Ha, Ha, Ms, Ms, Rb, Rb, Rb, Rb, Rb, Rb, Md, Qlf, Qlf, Cfr, Qlf, Qlf, Md
Aa^Fma, Aa^Fma, Aa^Fma, Aa^Fma, Aa^Fma, Aa^Fma, Rra, Aa^Fma, Mdd, Mdd, Mdd, Aa^Fma, Mdd, Aa^Fma, Aa^Fma, Aa^Fma, Aa^Fma, Aa^Fma, Aa^Fma, Aa^Fma, Aa^Fma, Aa^Fma, Aa^Fma, Aa^Fma, Aa^Fma, Aa^Fma, Aa^Fma, Aa^Fma, Aa^Fma, Aa^Fma, Aa^Fma, Aa^Fma, Aa^Fma, Aa^Fma, Aa^Fma, Aa^Fma, Aa^Fma, Aa^Fma, Aa^Fma, Aa^Fma, Aa^Fma, Aa^Fma, Gd, Gd, Gd, Gd, Gd, Gd, Gd, Gd, Gd, Gd, Gd, Aa^Fma, Aa^Fma, Aa^Fma, Aa^Fma, Aa^Fma, Aa^Fma, Aa^Fma, Aa^Fma, Aa^Fma, Aa^Fma, Aa^Fma, Aa^Fma, Aa^Fma, Aa^Fma, Aa^Fma, Aa^Fma, Aa^Fma, Aa^Fma, Aa^Fma, Aa^Fma, Aa^Fma, Aa^Fma, Ha, Aa^Fma, Ha, Ha, Ha, Ha, Ha, Ms, Ms, Ms, Ha, Ms, Ms, Ms, Ms, Rb, Rb, Rb, Rb, Rb, Qlf, Cfr, Cfr, Koa, Cfr, Qlf, Md
Mdd, Mdd, Mdd, Mdd, Mdd, Mdd, Rra, Rra, Mdd, Mdd, Mdd, Mdd, Mdd, Mdd, Mdd, Mdd, Mdd, Mdd, Mdd, Mdd, Mdd, Aa^Fma, Mdd, Aa^Fma, Mdd, Mdd, Mdd, Aa^Fma, Mdd, Aa^Fma, Mdd, Aa^Fma, Aa^Fma, Aa^Fma, Gd, Aa^Fma, Aa^Fma, Aa^Fma, Aa^Fma, Aa^Fma, Gd, Gd, Gd, Gd, Gd, Gd, Gd, Gd, Gd, Gd, Gd, Gd, Gd, Gd, Gd, Aa^Fma, Gd, Aa^Fma, Aa^Fma, Aa^Fma, Aa^Fma, Aa^Fma, Aa^Fma, Aa^Fma, Aa^Fma, Aa^Fma, Aa^Fma, Aa^Fma, Aa^Fma, Aa^Fma, Aa^Fma, Aa^Fma, Aa^Fma, Aa^Fma, Aa^Fma, Aa^Fma, Aa^Fma, Aa^Fma, Ha, Ha, Ms, Ms, Ms, Ms, Ms, Ms, Ms, Ms, Ms, Rb, Rb, Rb, Md, Mv, Md, Rb, Qlf, Cfr, Cfr, Cfr, Qlf, Md
Mdd, Mdd, Mdd, Mdd, Mdd, Mdd, Rra, Mdd, Mdd, Mdd, Mdd, Mdd, Mdd, Mdd, Mdd, Mdd, Mdd, Mdd, Mdd, Mdd, Mdd, Mdd, Mdd, Mdd, Mdd, Mdd, Mdd, Mdd, Mdd, Mdd, Mdd, Mdd, Mdd, Gd, Mdd, Gd, Gd, Gd, Gd, Gd, Gd, Gd, Gd, Gd, Gd, Gd, Gd, Gd, Gd, Gd, Gd, Gd, Gd, Gd, Gd, Gd, Gd, Gd, Gd, Gd, Gd, Gd, Gd, Aa^Fma, Gd, Gd, Gd, Aa^Fma, Aa^Fma, Aa^Fma, Aa^Fma, Aa^Fma, Aa^Fma, Aa^Fma, Aa^Fma, Aa^Fma, Aa^Fma, Aa^Fma, Aa^Fma, Ha, Ms, Ms, Ms, Ms, Ms, Ms, Ms, Ms, Rb, Rb, Rb, Rb, Md, Md, Md, Md, Md, Qlf, Rr, Qlf, Md, Md
Mdd, Mdd, Mdd, Mdd, Mdd, Mdd, Ds, Hd, Hd, Hd, Hd, Mdd, Hd, Mdd, Mdd, Mdd, Mdd, Mdd, Mdd, Mdd, Mdd, Mdd, Mdd, Mdd, Mdd, Mdd, Mdd, Mdd, Mdd, Mdd, Mdd, Mdd, Mdd, Mdd, Mdd, Mdd, Gd, Gd, Gd, Gd, Gd, Gd, Gd, Gd, Gd, Gd, Gd, Gd, Gd, Gd, Ss, Ss, Ss, Gd, Gd, Gd, Gd, Gd, Gd, Gd, Gd, Gd, Gd, Gd, Gd, Gd, Gd, Gd, Gd, Gd, Gd, Gd, Gd, Aa^Fma, Aa^Fma, Aa^Fma, Aa^Fma, Aa^Fma, Aa^Fma, Aa^Fma, Aa^Fma, Ms, Ms, Ms, Ms, Ms, Aa^Fma, Rb, Rb, Rb, Rb, Rb, Md, Md, Mv, Md, Md, Md, Rr, Md, Md, Md
Mdd, Mdd, Hd, Hd, Hd, Hd, Ds, Hd, Hd, Hd, Hd, Hd, Hd, Hd, Hd, Hd, Hd, Hd, Hd, Mdd, Hd, Mdd, Hd, Mdd, Mdd, Mdd, Mdd, Mdd, Mdd, Mdd, Mdd, Mdd, Mdd, Mdd, Mdd, Mdd, Mdd, Gd, Gd, Gd, Gd, Gd, Gd, Gd, Gd, Gd, Gd, Gd, Ss, Ss, Ss, Ss, Ss, Ss, Ss, Ss, Ss, Gd, Ss, Gd, Ss, Gd, Gd, Gd, Gd, Gd, Gd, Gd, Gd, Gd, Gd, Gd, Gd, Gd, Gd, Aa^Fma, Aa^Fma, Aa^Fma, Aa^Fma, Aa^Fma, Aa^Fma, Aa^Fma, Aa^Fma, Ms, Aa^Fma, Aa^Fma, Rb, Rb, Rb, Rb, Md, Md, Md, Md, Md, Md, Md, Qlf, Rr, Mv, Md, Md
Mdd, Mdd, Dd^Do, Hd, Hd, Hd, Ds, Hd, Hd, Hd, Hd, Hd, Hd, Hd, Hd, Hd, Hd, Hd, Hd, Hd, Hd, Hd, Hd, Hd, Hd, Mdd, Mdd, Mdd, Mdd, Mdd, Mdd, Mdd, Mdd, Mdd, Mdd, Mdd, Mdd, Mdd, Mdd, Gd, Gd, Gd, Gd, Gd, Gd, Gd, Ss, Ss, Ss, Ss, Ss, Ss, Ss, Ss, Ss, Ss, Ss, Ss, Ss, Ss, Ss, Ss, Gd, Gd, Gd, Gd, Gd, Gd, Gd, Gd, Gd, Gd, Gd, Gd, Gd, Gd, Gd, Aa^Fma, Aa^Fma, Aa^Fma, Aa^Fma, Aa^Fma, Aa^Fma, Aa^Fma, Rb, Rb, Rb, Rb, Rb, Rb, Md, Md, Mv, Md, Md, Md, Rr, Rr, Md, Md, Mv, Md
Hd, Dd^Do, Dd^Do, Hd, Hd, Hd, Ds, Hd, Ds, Hd, Dd^Vda, Hd, Dd^Vda, Hd, Dd^Do, Hd, Hd, Hd, Hd, Hd, Hd, Hd, Hd, Hd, Hd, Hd, Hd, Hd, Hd, Hd, Hd, Mdd, Mdd, Mdd, Mdd, Mdd, Mdd, Mdd, Mdd, Gd, Gd, Gd, Gd, Gd, Gd, Gd, Ss, Ss, Ss, Ss, Ss, Ss, Gd^Vo, Ss, Ss, Ss, Ss, Ss, Ss, Ss, Ss, Ss, Ss, Gd, Gd, Gd, Gd, Gd, Gd, Gd, Gd, Gd, Gd, Gd, Gd, Gd, Gd, Gd, Gd, Aa^Fma, Gd, Aa^Fma, Aa^Fma, Rb, Rb, Rb, Rb, Rb, Md, Md, Md, Md, Md, Md, Rr, Rr, Md, Ql, Md, Md, Md, Md
Hd, Hd, Hd, Hd, Hd, Hd, Hd, Ds, Hd, Ds, Dd^Vda, Dd^Do, Dd^Do, Dd^Do, Dd^Vda, Hd, Hd, Hd, Hd, Hd, Hd, Hd, Hd, Hd, Hd, Hd, Hd, Hd, Hd, Hd, Hd, Hd, Hd, Hd, Hd, Mdd, Hd, Mdd, Hd, Gd, Gd, Gd, Gd, Gd, Gd, Gd, Ss, Ss, Ss, Ss, Gd^Vo, Gd^Vo, Gd^Vo, Gd^Vo, Gd^Vo, Ss, Urb, Ss, Urb, Ss, Urb, Ss, Urb, Ss, Gd, Gd, Gd, Gd, Gd, Gd, Gd, Gd, Gd, Gd, Gd, Gd, Gd, Gd, Gd, Gd, Gd, Gd, Rb, Rb, Md, Md, Md, Md, Md, Md, Md, Md, Md, Md, Rr, Ql, Ql, Ql, Md, Ql, Md, Md
Hd, Hd, Hd, Hd, Hd, Hd, Hd, Hd, Hd, Hd, Dd^Vda, Dd^Do, Dd^Do, Dd^Do, Ds, Dd^Vda, Ds, Ds, Ds, Ds, Ds, Ds, Ds, Ds, Ds, Ds, Ds, Hd, Hd, Hd, Hd, Hd, Hd, Hd, Hd, Hd, Hd, Hd, Hd, Gd, Gd, Gd, Gd, Gd, Gd, Gd, Gd, Ss, Ss, Ss, Ss, Gd^Vo, Gd^Vo, Gd^Vo, Gd^Vo, Urb, Urb, Urb, Ss, Urb, Ss, Urb, Ss, Urb, Urb, Urb, Urb, Urb, Urb, Rb, Rb, Rb, Rb, Rb, Rb, Rb, Rb, Rb, Rb, Rb, Rb, Rb, Rb, Rb, Md, Md, Md, Mv, Md, Md, Md, Mv, Mv, Md, Md, Rr, Rr, Ql, Md, Md, Md, Md
Hd, Hd, Hd^Edp, Hd, Hd^Edp, Hd, Hd, Hd, Hd, Hd, Hd, Dd^Vda, Dd^Vda, Dd^Do, Hd, Hd, Hd, Hd, Hd, Hd, Hd, Hd, Hd, Hd, Hd, Hd, Hd, Ds, Ds, Hd, Hd, Hd, Hd, Hd, Hd, Hd, Cd, Hd, Hd, Gd, Hd, Gd, Gd, Gd, Gd, Gd, Gd, Ss, Ss, Ss, Ss, Ss, Ss, Gd^Vo, Urb, Ss, Ss, Ss, Ss, Ss, Ss, Ss, Ss, Ss, Gd, Gd, Gd, Gd, Gd, Rb, Rb, Rb, Rb, Rb, Rb, Rb, Rb, Rb, Rb, Rb, Gd, Rb, Md, Md, Ql, Md, Md, Md, Md, Mv, Md, Md, Md, Md, Mv, Md, Rr, Md, Md, Md, Md, Md
Hd, Hd^Edp, Hd, Hd, Hd^Edp, Hd, Hd^Edp, Hd, Hd, Hd, Hd, Hd, Hd, Ds, Hd, Hd, Hd, Hd, Hd, Hd, Hd, Hd, Hd, Hd, Hd, Hd, Hd, Hd, Ds, Hd, Hd, Hd, Hd, Hd, Cd, Cd, Cd, Cd, Cd, Hd, Hd, Hd, Gd, Gd, Gd, Gd, Urb, Ss, Urb, Ss, Ss, Ss, Sm, Urb, Urb, Ss, Sm, Ss, Ss, Ss, Ss, Ss, Ss, Ss, Gd, Gd, Gd, Gd, Gd, Gd, Gd, Gd, Gd, Gd, Gd, Gd, Gd, Gd, Gd, Gd, Gd, Md, Md, Md, Md, Md, Mv, Md, Md, Md, Ql, Md, Rr, Md, Rr, Md, Rr, Md, Ql, Ql, Md, Md
Hd, Hd, Hd, Hd, Hd, Hd, Hd, Hd, Hd, Hd, Hd, Hd, Hd, Ds, Hd, Hd, Hd, Hd, Hd, Hd, Hd, Hd, Hd, Hd, Hd, Hd, Hd, Hd, Ds, Hd, Hd, Hd, Ds, Cd, Cd, Cd, Kd, Cd, Cd, Cd, Urb, Hd, Urb, Urb, Urb, Urb, Gd, Urb, Ss, Urb, Urb, Sm, Sm, Sm, Urb, Sm, Sm, Sm, Ss, Ss, Ss, Ss, Ss, Gd, Gd, Gd, Gd, Gd, Gd, Gd, Gd, Gd, Gd, Gd, Gd, Gd, Gd, Gd, Gd, Gd, Md, Md, Md, Md, Md, Md, Md, Md, Md, Ql, Ql, Ql, Rr, Rr, Rr, Rr, Md, Md, Md, Md, Md, Md
Hd, Hd, Dd^Do, Hd, Hd, Hd, Hd, Hd, Dd^Edp, Hd, Hd, Hd, Dd^Do, Dd^Do, Dd^Do, Hd, Hd, Hd, Hd, Hd, Hd, Hd, Hd, Hd, Hd, Hd, Hd, Hd, Ds, Ds, Ds, Ds, Hd, Cd, Cd, Cd, Cd, Cd, Cd, Cd, Hd, Urb, Gd, Gd, Gd, Gd, Gd, Ss, Ss, Ss, Ss, Urb, Urb, Urb, Urb, Sm, Ss, Ss, Ss, Ss, Ss, Ss, Gd, Gd, Gd, Gd, Gd, Gd, Gd, Gd, Gd, Gd, Gd, Gd, Gd, Gd, Gd, Gd, Gd, Gd, Md, Md, Md, Md, Md, Ql, Md, Md, Md, Md, Md, Md, Rr, Md, Md, Mv, Md, Ql, Md, Ql, Md, Md
Hd, Dd^Do, Dd^Do, Dd^Do, Hd, Hd, Hd, Hd, Hd, Dd^Edp, Hd, Dd^Do, Dd^Do, Dd^Do, Dd^Do, Dd^Do, Ds, Hd, Ds, Hd, Ds, Hd, Ds, Hd, Ds, Hd, Ds, Hd, Ds, Hd, Hd, Hd, Hd, Hd, Cd, Cd, Cd, Cd, Cd, Cd, Hd, Hd, Gd, Gd, Gd, Gd, Gd, Ss, Ss, Ss, Ss, Ss, Ss, Ss, Ss, Urb, Ss, Ss, Ss, Ss, Ss, Ss, Gd, Gd, Gd, Gd, Gd, Gd, Gd, Gd, Gd, Gd, Gd, Gd, Gd, Gd, Gd, Gd, Gd, Gd, Md, Md, Md, Md, Mv, Md, Md, Mv, Mv, Md, Md, Mv, Rr, Rr, Md, Md, Md, Md, Ql, Md, Md, Md
Hd, Hd, Hd, Dd^Do, Hd, Hd, Hd, Hd, Hd, Hd, Dd^Do, Dd^Do, Dd^Do, Dd^Do, Dd^Do, Dd^Do, Hd, Ds, Hd, Ds, Hd, Ds, Hd, Ds, Hd, Ds, Hd, Ds, Hd, Ds, Hd, Hd, Hd, Hd, Hd, Cd, Cd, Cd, Hd, Hd, Gd, Hd, Gd, Gd, Gd, Gd, Gd, Ss, Ss, Ss, Ss, Ss, Ss, Ss, Ss, Urb, Urb, Ss, Ss, Ss, Gd, Gd, Gd, Gd, Gd, Gd, Gd, Gd, Gd, Gd, Gd, Gd, Gd, Gd, Gd, Gd, Gd, Gd, Gd, Gd, Gd, Md, Md, Qlf, Qlf, Md, Md, Md, Md, Md, Md, Md, Rr, Md, Md, Mv, Mv, Md, Ql, Ql, Md, Md
Hd, Hd, Hd, Hd, Hd, Hd, Hd, Hd, Hd, Hd, Hd, Dd^Do, Dd^Do, Dd^Do, Dd^Do, Dd^Do, Hd, Hd, Hd, Hd, Hd, Hd, Hd, Hd, Hd, Hd, Hd, Hd, Ds, Ds, Hd, Hd, Hd, Hd, Hd, Hd, Hd, Hd, Hd, Hd, Gd, Gd, Gd, Gd, Gd, Gd, Gg, Ss, Ss, Ss, Ss, Ss, Ss, Ss, Ss, Ss, Urb, Ss, Ss, Ss, Gd, Gd, Gd, Gd, Gd, Gd, Gd, Gd, Gd, Gd, Gd, Gd, Gd, Gd, Gd, Gd, Gd, Gd, Gd, Gd, Gd, Gd, Md, Md, Qlf, Md, Qlf, Mv, Md, Md, Rr, Rr, Md, Ql, Md, Md, Mv, Md, Ql, Ql, Md, Md
Hd, Hd, Hd, Hd, Hd, Hd, Hd, Hd, Hd, Hd, Hd, Hd, Hd, Hd, Hd, Hd, Hd, Hd, Hd, Hd, Hd, Hd, Hd, Hd, Hd, Hd, Hd, Hd, Ds, Hd, Hd, Hd, Hd, Hd, Hd, Hd, Hd, Hd, Gd, Gd, Gd, Gd, Gd, Gd, Gd, Gd, Gg, Gg, Gg, Ss, Gg, Gg, Gg, Gg, Gg, Gg, Gg, Urb, Urb, Gd, Gd, Gd, Gd, Gd, Gd, Gd, Gd, Gd, Gd, Gd, Gd, Gd, Gd, Gd, Gd, Gd, Gd, Gd, Gd, Gd, Gd, Gd, Gd, Md, Md, Qlf, Md, Qlf, Qlf, Md, Rr, Mv, Md, Md, Md, Md, Md, Md, Md, Md, Md, Md
Hd, Hd, Hd, Hd, Hd, Hd, Hd, Hd, Hd, Hd, Hd, Hd, Hd, Hd, Hd, Hd, Hd, Hd, Hd, Hd, Hd, Hd, Hd, Hd, Hd, Hd, Hd, Hd, Ds, Hd, Hd, Hd, Hd, Hd, Gd, Hd, Gd, Gd, Gd, Gd, Gd, Gd, Gd, Gd, Gd, Gg, Gg, Gg, Gg, Gg, Gg, Gg, Gg, Gg, Gs, Gg, Gg, Gg, Gg, Urb, Gd, Gd, Gd, Gd, Gd, Gd, Gd, Gd, Gd, Gd, Gd, Gd, Gd, Gd, Gd, Gd, Gd, Gd, Gd, Gd, Gd, Gd, Gd, Gd, Gd, Md, Rb, Md, Rb, Ql^Bw/, Qlf, Qlf, Qlf, Qlf, Qlf, Md, Md, Md, Md, Md, Md, Md
Hd, Hd, Hd, Hd, Hd, Hd, Hd, Hd, Hd, Hd, Hd, Hd, Hd, Hd, Hd, Hd, Hd, Hd, Hd, Hd, Hd, Hd, Hd, Hd, Hd, Hd, Hd, Hd, Ds, Ds, Hd, Hd, Gd, Hd, Gd, Gd, Gd, Gd, Gd, Gd, Gd, Gd, Gd, Gd, Gd, Gg, Gg, Gg, Gg, Gg, Gg, Gg, Gg, Gg, Gs, Gg, Gg, Gg, Gg, Urb, Urb, Gd, Gd, Gd, Gd, Gd, Gd, Gd, Gd, Gd, Gd, Gd, Gd, Gd, Gd, Gd, Gd, Gd, Gd, Gd, Gd, Gd, Gd, Gd, Gd, Gd, Rb, Rb, Rb, Md, Md, Md, Md, Md, Md, Md, Gd, Md, Gd, Md, Gd, Gd
Hd, Hd, Mdd, Mdd, Mdd, Hd, Hd, Hd, Hd, Hd, Hd, Hd, Mdd, Mdd, Mdd, Hd, Mdd, Mdd, Mdd, Mdd, Mdd, Hd, Mdd, Hd, Hd, Hd, Hd, Hd, Hd, Urb, Urb, Gd, Gd, Gd, Gd, Gd, Gd, Gd, Gd, Gd, Gd, Gd, Gd, Gd, Gg, Gg, Gg, Gg, Gg, Gg, Gg, Gs, Gg, Gg, Gg, Gg, Gg, Gg, Gd^Vhr, Gg, Urb, Gd, Gd, Gd, Gd, Gd, Gd, Gd, Gd, Gd, Gd, Gd, Gd, Gd, Gd, Gd, Gd, Gd, Gd, Gd, Gd, Gd, Gd, Gd, Rb, Rb, Gd, Rb, Gd, Md, Gd, Gd, Gd, Gd, Gd, Gd, Gd, Gd, Gd, Gd, Gd, Gd
Mdd, Mdd, Mdd, Mdd, Mdd, Mdd, Mdd, Mdd, Mdd, Mdd, Mdd, Mdd, Mdd, Mdd, Mdd, Mdd, Mdd, Mdd, Mdd, Mdd, Mdd, Mdd, Mdd, Mdd, Gd, Gd, Gd, Gd, Gd, Gd, Urb, Gd, Gd, Gd, Gd, Gd, Gd, Gd, Gd, Gd, Gd, Gd, Gg, Gg, Gg, Gg, Gg, Gg, Gg, Gg, Gg, Gg, Gg, Gs, Gg, Gg, Gg, Gg, Gd^Vhr, Gd^Vhr, Gd^Vhr, Urb, Gd^Vhr, Gd, Gd, Gd, Gd, Gd, Gd, Gd, Gd, Gd, Gd, Gd, Gd, Gd, Gd, Gd, Gd, Gd, Gd, Gd, Rb, Gd, Rb, Gd, Gd, Gd, Gd, Gd, Gd, Gd, Gd, Gd, Gd, Gd, Gd, Gd, Gd, Gd, Gd, Gd
Mdd, Mdd, Mdd, Mdd, Mdd, Mdd, Mdd, Mdd, Mdd, Mdd, Mdd, Mdd, Mdd, Mdd, Mdd, Mdd, Mdd, Mdd, Mdd, Mdd, Mdd, Mdd, Mdd, Mdd, Gd, Gd, Gd, Gd, Gd, Gd, Gd, Urb, Gd, Gd, Gd, Gd, Gd, Gd, Gd, Gd, Gg, Gg, Gg, Gg, Gg, Gg, Gg, Gg, Gg, Gg, Gg, Gg, Gg, Gg, Gg, Gg, Gg, Gd^Vhr, Gd^Vhr, Gd^Vhr, Gd^Vhr, Gd^Vhr, Rp^Vhcr, Gd^Vhr, Gd^Vhr, Gd, Gd, Gd, Gd, Gd, Gd, Gd, Gd, Gd, Gd, Gd, Re, Gd, Re, Gd, Re, Gd, Rb, Rb, Gd, Gd, Gd, Gd, Gd, Gd, Gd, Gd, Gd, Gd, Gd, Gd, Gd, Gd, Gd, Gd, Gg, Gg
Mdd, Mdd, Mdd, Mdd, Mdd, Mdd, Mdd, Mdd, Mdd, Mdd, Mdd, Mdd, Gd, Mdd, Gd, Mdd, Gd, Mdd, Gd, Gd, Gd, Gd, Gd, Gd, Gd, Gd, Gd, Gd, Gd, Gd, Gd, Urb, Gd, Gd, Gd, Gd, Gd, Gd, Gd, Gg, Gg, Gg, Gg, Gg, Gg, Gg, Gg, Gg, Gg, Gg, Gg, Gg, Gs, Gg, Gg, Gg, Gg, Gd^Vhr, Gd^Vhr, Gd^Vhr, Urb, Gd^Vhr, Gd^Vhr, Gd^Vhr, Gd, Urb, Urb, Gd, Gd, Gd, Re, Re, Re, Gd, Re, Re, Re, Re, Re, Re, Re, Rb, Gd, Gd, Gd, Gd, Gd, Gd, Gd, Gd, Gd, Gd, Gd, Gd, Gd, Gd, Gg, Gg, Co, Gg, Co, Gg
Gd, Mdd, Gd, Mdd, Gd, Gd, Gd, Gd, Gd, Gd, Gd, Gd, Gd, Gd, Gd, Gd, Gd, Gd, Gd, Gd, Gd, Gd, Gd, Gd, Gd, Gd, Gd, Gd, Gd, Gd, Gd, Urb, Gg, Gd, Gg, Gd, Gg, Gg, Gg, Gg, Gg, Gg, Gg, Gg, Gg, Gg, Gg, Gg, Gg, Gg, Gg, Gg, Gg, Gg, Gs, Gg, Gg^Gvs, Gg^Gvs, Gg^Gvs, Gg^Gvs, Gg^Gvs, Urb, Gd, Gd, Gd, Gd, Re, Urb, Rb, Re, Re, Re, Gll^Fp, Re, Gll^Fp, Re, Gll^Fp, Re, Gll^Fp, Gll^Fp, Gll^Fp, Rb, Gll^Fp, Re, Re, Gd, Gd, Gd, Gd, Gd, Gd, Gd, Gd, Gd, Gd, Gg, Co, Co, Cte, Co, Cte, Co
Gd, Gd, Gd, Gd, Gd, Gd, Gd, Gd, Gd, Gd, Gd, Gd, Gd, Gd, Gd, Gd, Gd, Gd, Gd, Gd, Gd, Gd, Gd, Gd, Gd, Gd, Gd, Gd, Gd, Gd, Gg, Urb, Gg, Gg, Gg, Gg, Gg, Gg, Gg, Gg, Gg, Gg, Gg, Gg, Gg, Gg, Gg, Gg, Ce, Ce, Ce, Gg, Gg, Gg, Gg, Gg, Gg^Gvs, Gg^Gvs, Gg^Gvs, Gg^Gvs, Gg, Urb, Gd, Gd, Gd, Re, Gll^Fp, Gll^Fp, Gll^Fp, Re, Gll^Fp, Gll^Fp, Gll^Fp, Gll^Fp, Gg^Fet, Gll^Fp, Gll^Fp, Gll^Fp, Gll^Fp, Gll^Fp, Rb, Rb, Rb, Gll^Fp, Gll^Fp, Re, Gd, Gd, Gd, Gd, Gd, Gd, Gd, Gd, Gd, Co, Cte, Cte, Ko, Cte, Cte, Cte
Gd, Gd, Gd, Gd, Gd, Gd, Gd, Gd, Gd, Gd, Gd, Gd, Gd, Gd, Gd, Gd, Gd, Gd, Gd, Gd, Gd, Gd, Gd, Gd, Gd, Gd, Gd, Gd, Gg, Gg, Gg, Urb, Gg, Gg, Gg, Gg, Gg, Gg, Gg, Gg, Gg, Gg, Gg, Gg, Gg, Gg, Ce, Ce, Urb, Urb, Urb, Ce, Ce, Gg, Gg, Gs, Gg, Gg^Gvs, Gg, Gg, Gg, Urb, Gd, Gd, Gd, Re, Gll^Fp, Gll^Fp, Gll^Fp, Rb, Gll^Fp, Gll^Fp, Gll^Fp, Gg^Fet, Gg^Fet, Gg^Fet, Gll^Fp, Gll^Fp, Rb, Rb, Rb, Rb, Rb, Rb, Gll^Fp, Re, Rb, Gd, Rb, Gd, Rb, Gd, Rb, Gd, Co, Co, Cte, Ko, Ko, Ko, Cte, Cte
Gd, Gd, Gd, Gd, Gd, Gd, Gd, Gd, Wo, Gd, Gg, Gd, Gg, Gd, Gg, Gd, Gg, Gd, Gd, Gd, Gd, Gd, Gd, Gd, Gd, Gd, Gg, Gg, Cf, Gg, Cf, Urb, Cf, Gg, Gg, Gg, Gg, Gg, Gg, Gg, Gg, Gg, Gg, Gg, Ce, Ce, Urb, Urb, Gg^Vwm, Gs^Vh, Gs^Vh, Gg^Vwm, Urb, Ce, Ce, Gg, Gg, Gg, Gg, Gg, Urb, Urb, Gd, Gd, Gd, Re, Gll^Fp, Gll^Fp, Gll^Fp, Rb, Rb, Gll^Fp, Rb^Efs, Gll^Fp, Rb, Gll^Fp, Rb, Rb^Efs, Rb, Rb, Rb, Ko, Rb, Rb, Rb, Rb, Rb, Rb, Rb, Rb, Rb, Rb, Rb, Rb, Rb, Co, Cte, Ko, Ko, Ko, Cte, Cte
Wo, Gg, Wo, Gg, Gg, Gg, Wo, Wo, Wog, Wo, Wo, Gg, Gg, Gg, Gg, Gg, Gg, Gg, Gg, Gg, Gg, Gg, Gg, Gg, Gg, Gg, Cf, Cf, Rr^Vhc, Cf, Rr^Vhc, Urb, Rr^Vhc, Cf, Cf, Cf, Cf, Gg, Gg, Gg, Gg, Gg, Gg, Gg, Urb, Rr^Pw\o, Ce, Urb, Gs^Vh, Gs^Vh, Urb, Gs^Vh, Urb, Urb, Rr^Pw/o, Ce, Gg, Gg, Gg, Gg, Urb, Urb, Gd, Gd, Re, Gll^Fp, Gll^Fp, Gll^Fp, Gll^Fp, Rb, Gll^Fp, Rb, Gll^Fp, Rb, Rb, Rb, Gll^Fp, Gll^Fp, Gll^Fp, Rb, Rb, Rb, Rb, Rb, Gll^Fp, Gll^Fp, Re, Re, Gg, Rb, Gg, Rb, Gg, Rb, Gg, Co, Co, Cte, Cte, Cte, Cte, Cte
Wo, Wo, Wo, Wo, Wo, Ww^Ewf, Ww^Ewl, Wog, Gg, Gg, Wo, Gg, Gg, Gg, Gg, Gg, Gg, Gg, Gg, Gg, Gg, Gg, Gg, Gg, Gg, Cf, Rr^Vhc, Rr^Vhc, Rr^Vhc, Rr^Vhc, Rr^Vhc, Rr^Vhc, Rr^Vhc, Rr^Vhc, Rr^Vhc, Rr^Vhc, Cf, Gg, Gg, Gg, Gg, Gg, Urb, Urb, Gg, Gg, Ce, Urb, Urb, Gs^Vh, Urb, Urb, Ce, Ce, Gg, Urb, Urb, Gg, Urb, Urb, Urb, Urb, Urb, Gd, Rb, Gll^Fp, Gll^Fp, Gll^Fp, Gll^Fp, Rb, Gll^Fp, Gll^Fp, Gll^Fp, Gll^Fp, Rb, Gll^Fp, Gll^Fp, Gll^Fp, Gll^Fp, Rb, Gll^Fp, Rb, Gll^Fp, Rb, Gll^Fp, Gll^Fp, Re, Re, Gg, Gg, Gg, Gg, Gg, Gg, Gg, Co, Co, Cte, Cte, Cte, Cte, Cte
Cf, Cf, Cf, Cf, Cf, Wo, Wo, Wog, Wo, Gg, Ww^Ewf, Wo, Gg, Gg, Gg, Gg, Gg, Gg, Gg, Gg, Gg, Gg, Gg, Gg, Gg, Cf, Rr^Vhc, Rr^Vhc, Rr^Vhc, Rr^Vhc, Rr^Vhc, Rr^Vhc, Rr^Vhc, Rr^Vhc, Rr^Vhc, Rr^Vhc, Rr^Vhc, Cf, Gg, Gg, Urb, Urb, Gg, Gg, Gg, Gg, Gg, Ce, Ce, Ce, Ce, Ce, Gg, Gg, Gg, Gg, Gg, Urb, Gg, Gg, Gg, Gg, Gg, Urb, Re, Rb, Rb, Gll^Fp, Rb, Rb, Gll^Fp, Gll^Fp, Gll^Fp, Gll^Fp, Rb, Gll^Fp, Gll^Fp, Gll^Fp, Gll^Fp, Rb, Gll^Fp, Gll^Fp, Gll^Fp, Gll^Fp, Gll^Fp, Gll^Fp, Re, Re, Gg, Gg, Gg, Gg, Gg, Gg, Gg, Gg, Gg, Co, Co, Co, Co, Co
Rr^Vhc, Rr^Vhc, Rr^Vhc, Rr^Vhc, Rr^Vhc, Cf, Cf, Wo, Wo, Wo, Ww^Ewl, Wo, Gg, Gg, Gg, Gg, Gg, Gg, Gg, Gg, Gg, Gg, Gg, Gg, Gg, Cf, Rr^Vhc, Rr^Vhc, Rr^Vhc, Rr^Vhc, Rr^Vhc, Rr^Vhc, Rr^Vhc, Rr^Vhc, Rr^Vhc, Rr^Vhc, Rr^Vhc, Urb, Urb, Urb, Gg, Gg, Gg, Gg, Gg, Gg, Gg^Gvs, Gg^Gvs, Gg^Gvs, Gg^Gvs, Gg^Gvs, Gg, Gg, Gg, Gg, Gg, Gg, Gg, Gg, Gg, Gg, Gg, Gg, Re, Re, Gll^Fp, Gll^Fp, Rb, Rb, Rb, Rb^Efs, Gll^Fp, Rb, Rb^Efs, Rb, Rb, Rb, Gll^Fp, Rb, Rb, Uu^Vu, Gll^Fp, Gll^Fp, Gll^Fp, Gll^Fp, Re, Re, Gg, Gg, Gg, Gg, Gg, Gg, Gg, Gg, Gg, Gg, Gg, Gg, Gg, Gg, Co
Rr^Vhc, Rr^Vhc, Rr^Vhc, Rr^Vhc, Rr^Vhc, Rr^Vhc, Rr^Vhc, Cf, Cf, Wo, Wo, Ww^Ewf, Wo, Gg, Gg, Gg, Gg, Gg, Gg, Gg, Gg, Gg, Gg, Gg, Gg, Cf, Rr^Vhc, Rr^Vhc, Rr^Vhc, Rr^Vhc, Rr^Vhc, Rr^Vhc, Rr^Vhc, Rr^Vhc, Rr^Vhc, Rr^Vhc, Rr^Vhc, Cf, Gg, Gg, Gg, Gg, Gg, Gg, Gg, Gg^Gvs, Gg^Gvs, Gg^Gvs, Gg^Gvs, Gg^Gvs, Gg, Gg, Gg, Gg, Gg, Gg, Gg, Gg, Gg, Gg, Gg, Gg, Gg, Re, Re, Gll^Fp, Gll^Fp, Gll^Fp, Rb, Gll^Fp, Gll^Fp, Rb, Rb, Rb, Rb, Rb, Rb, Rb^Efs, Gll^Fp, Rb, Gll^Fp, Gll^Fp, Gll^Fp, Gll^Fp, Gll^Fp, Re, Re, Gg, Gg, Gg, Gg, Gg, Gg, Gg, Gg, Gg, Gg, Gg, Gg, Gg, Gg, Gg
Rr^Vhc, Rr^Vhc, Rr^Vhc, Rr^Vhc, Rr^Vhc, Rr^Vhc, Rr^Vhc, Rr^Vhc, Rr^Vhc, Cf, Wo, Wo, Wo, Wo, Gg, Gg, Gg, Gg, Gg, Gg, Gg, Gg, Gg, Gg, Gg, Cf, Urb, Rr^Vhc, Rr^Vhc, Rr^Vhc, Rr^Vhc, Rr^Vhc, Rr^Vhc, Rr^Vhc, Rr^Vhc, Rr^Vhc, Cf, Cf, Gg, Gg, Gg, Gg, Gg, Gg, Gg, Gg^Gvs, Gg^Gvs, Gg^Gvs, Gg, Gg, Gg, Gg, Gg, Gg, Gg, Gg, Gg, Gg, Gg, Gg, Gg, Gg, Gg, Re, Re, Gll^Fp, Gll^Fp, Gll^Fp, Rb, Gll^Fp, Gll^Fp, Gll^Fp, Gll^Fp, Rb^Efs, Rb, Rb, Gll^Fp, Gll^Fp, Gll^Fp, Rb, Rb, Gll^Fp, Gll^Fp, Gll^Fp, Gll^Fp, Re, Re, Gg, Gg, Gg, Gg, Gg, Gg, Gg, Gg, Gg, Gg, Gg, Gg, Gg, Gg, Gg
Rr^Vhc, Rr^Vhc, Rr^Vhc, Rr^Vhc, Rr^Vhc, Rr^Vhc, Rr^Vhc, Rr^Vhc, Rr^Vhc, Cf, Cf, Cf, Cf, Ww^Ewf, Wo, Gg, Gg, Gg, Gg, Gg, Urb, Gg, Urb, Urb, Urb, Urb, Gg, Cf, Rr^Vhc, Rr^Vhc, Rr^Vhc, Rr^Vhc, Rr^Vhc, Rr^Vhc, Urb, Cf, Gg, Gg, Gg, Gg, Gg, Gg, Gg, Gg, Gg, Gg, Gg, Gg, Gg, Gg, Gg, Gg, Gg, Gg, Gg, Gg, Gg, Gg, Gg, Gg, Gg, Gg, Gg, Re, Re, Gll^Fp, Gll^Fp, Gll^Fp, Rb, Gll^Fp, Gll^Fp, Gll^Fp, Gll^Fp, Gll^Fp, Rb, Gll^Fp, Gll^Fp, Gll^Fp, Gll^Fp, Rb, Rb, Gll^Fp, Gll^Fp, Gll^Fp, Gll^Fp, Re, Re, Gg, Gg, Gg, Gg, Gg, Gg, Gg, Gg, Gg, Gg, Gg, Gg, Gg, Gg, Gg
Rr^Vhc, Rr^Vhc, Rr^Vhc, Rr^Vhc, Rr^Vhc, Rr^Vhc, Rr^Vhc, Rr^Vhc, Rr^Vhc, Rr^Vhc, Rr^Vhc, Rr^Vhc, Rr^Vhc, Cf, Cf, Wo, Wo, Gg, Urb, Urb, Gg, Urb, Gg, Gg, Gg, Gg, Gg, Cf, Cf, Rr^Vhc, Cf, Rr^Vhc, Cf, Cf, Gg, Urb, Gg, Gg, Gg, Gg, Gg, Gg, Gg, Gg, Gg, Gg, Gg, Gg, Gg, Gg, Gg, Gg, Gg, Gg, Gg, Gg, Gg, Gg, Gg, Gg, Gg, Gg, Gg, Re, Re, Gll^Fp, Gll^Fp, Gll^Fp, Rb, Gll^Fp, Gll^Fp, Gll^Fp, Gll^Fp, Gll^Fp, Rb, Gll^Fp, Gll^Fp, Gll^Fp, Gll^Fp, Gll^Fp, Rb, Gll^Fp, Gll^Fp, Gll^Fp, Gll^Fp, Re, Re, Gg, Gg, Gg, Gg, Gg, Gg, Gg, Gg, Gg, Gg, Gg, Gg, Gg, Gg, Gg
Rr^Vhc, Rr^Vhc, Rr^Vhc, Rr^Vhc, Rr^Vhc, Rr^Vhc, Rr^Vhc, Rr^Vhc, Rr^Vhc, Rr^Vhc, Rr^Vhc, Rr^Vhc, Rr^Vhc, Rr^Vhc, Rr^Vhc, Cf, Rr^Pr\o, Wo^Bsb/, Gg, Gg, Gg, Gg, Gg, Gg, Gg, Gg, Gg, Gg, Gg, Cf, Gg, Cf, Gg, Gg, Gg, Urb, Urb, Gg, Gg, Gg, Gg, Gg, Gg, Gg, Gg, Gg, Gg, Gg, Gg, Gg, Gg, Gg, Gg, Gg, Gg, Gg, Gg, Gg, Gg, Gg, Gg, Gg, Gg, Re, Re, Gll^Fp, Gll^Fp, Gll^Fp, Rb, Gll^Fp, Gll^Fp, Gll^Fp, Gll^Fp, Gll^Fp, Rb, Gll^Fp, Gll^Fp, Gll^Fp, Gll^Fp, Gll^Fp, Rb, Gll^Fp, Gll^Fp, Gll^Fp, Gll^Fp, Re, Re, Gg, Gg, Gg, Gg, Gg, Gg, Gg, Gg, Gg, Gg, Gg, Gg, Gg, Gg, Gg
Rr^Vhc, Rr^Vhc, Rr^Vhc, Rr^Vhc, Rr^Vhc, Rr^Vhc, Rr^Vhc, Rr^Vhc, Rr^Vhc, Rr^Vhc, Kh, Rr^Vhc, Rr^Vhc, Rr^Vhc, Rr^Vhc, Gg, Cf, Wo, Gg, Gg, Gg, Gg, Gg, Gg, Gg, Gg, Gg, Gg, Gg, Gg, Gg, Gg, Gg, Gg, Gg, Gg, Urb, Gg, Gg, Gg, Gg, Gg, Gg, Gg, Gg, Gg, Gg, Gg, Gg, Gg, Gg, Gg, Gg, Gg, Gg, Gg, Gg, Gg, Gg, Gg, Gg, Gg, Gg, Re, Re, Gll^Fp, Gll^Fp, Gll^Fp, Rb, Gll^Fp, Gll^Fp, Gll^Fp, Gll^Fp, Gll^Fp, Rb, Gll^Fp, Gll^Fp, Gll^Fp, Rb, Gll^Fp, Rb, Gll^Fp, Gll^Fp, Gll^Fp, Re, Re, Re, Gg, Gg, Gg, Gg, Gg, Gg, Gg, Gg, Gg, Gg, Gg, Gg, Gg, Gg, Gg
Rr^Vhc, Rr^Vhc, Rr^Vhc, Rr^Vhc, Rr^Vhc, Rr^Vhc, Rr^Vhc, Rr^Vhc, Rr^Vhc, Kh, Kh, Kh, Rr^Vhc, Rr^Vhc, Rr^Vhc, Rr^Vhc, Cf, Wo, Gg, Gg, Gg, Gg, Gg, Gg, Gg, Gg, Gg, Gg, Gg, Gg, Gg, Gg, Gg, Gg, Gg, Gg, Urb, Gg, Gg, Gg, Gg, Gg, Gg, Gg, Gg, Gg, Gg, Gg, Gg, Gg, Gg, Gg, Gg, Gg, Gg, Gg, Gg, Gg, Gg, Gg, Gg, Gg, Gg, Re, Re, Re, Urb, Rb, Gll^Fp, Rb, Rb, Rb^Efs, Rb, Rb, Rb, Rb, Rb, Rb, Rb, Rb, Rb^Efs, Rb, Gll^Fp, Gll^Fp, Re, Re, Re, Gg, Gg, Gg, Gg, Gg, Gg, Gg, Gg, Gg, Gg, Gg, Gg, Gg, Gg, Gg
Rr^Vhc, Rr^Vhc, Rr^Vhc, Rr^Vhc, Rr^Vhc, Rr^Vhc, Rr^Vhc, Rr^Vhc, Rr^Vhc, Rr^Vhc, Rr^Vhc, Rr^Vhc, Rr^Vhc, Rr^Vhc, Rr^Vhc, Rr^Vhc, Cf, Wo, Gg, Gg, Gg, Gg, Gg, Gg, Gg, Gg, Gg, Gg, Gg, Gg, Gg, Gg, Gg, Gg, Gg, Gg, Urb, Gg, Gg, Gg, Gg, Gg, Gg, Gg, Gg, Gg, Gg, Gg, Gg, Gg, Gg, Gg, Gg, Gg, Gg, Gg, Gg, Gg, Gg, Gg, Gg, Gg, Gg, Gg, Urb, Urb, Re, Re, Gll^Fp, Gll^Fp, Gll^Fp, Gll^Fp, Gll^Fp, Gll^Fp, Gll^Fp, Gll^Fp, Gll^Fp, Rb, Rb, Gll^Feth, Rb, Rb, Gll^Fp, Gll^Fp, Re, Re, Gg, Gg, Gg, Gg, Gg, Gg, Gg, Gg, Gg, Gg, Gg, Gg, Gg, Gg, Gg, Gg
Rr^Vhc, Rr^Vhc, Rr^Vhc, Rr^Vhc, Rr^Vhc, Rr^Vhc, Rr^Vhc, Rr^Vhc, Rr^Vhc, Rr^Vhc, Rr^Vhc, Rr^Vhc, Rr^Vhc, Rr^Vhc, Rr^Vhc, Cf, Wo, Wo, Gg, Gg, Gg, Gg, Gg, Gg, Gg, Gg, Gg, Gg, Gg, Gg, Gg, Gg, Gg, Gg, Gg, Gg, Urb, Gg, Gg, Gg, Gg, Gg, Gg, Gg, Gg, Gg, Gg, Gg, Gg, Gg, Gg, Gg, Ch, Gg, Ch, Gg, Gg, Gg, Gg, Gg, Urb, Urb, Urb, Urb, Gg, Re, Re, Re, Gll^Fp, Gll^Fp, Gll^Fp, Gll^Fp, Gll^Fp, Gll^Fp, Gll^Fp, Gll^Fp, Gll^Fp, Gll^Fp, Gll^Fp, Rb, Rb, Rb, Rb, Gll^Fp, Re, Re, Gg, Gg, Gg, Gg, Gg, Gg, Gg, Gg, Gg, Gg, Gg, Gg, Gg, Gg, Gg, Gg
Rr^Vhc, Rr^Vhc, Rr^Vhc, Rr^Vhc, Rr^Vhc, Rr^Vhc, Rr^Vhc, Rr^Vhc, Rr^Vhc, Rr^Vhc, Rr^Vhc, Rr^Vhc, Rr^Vhc, Rr^Vhc, Cf, Cf, Wo, Gg, Gg, Gg, Gg, Gg, Gg, Gg, Gg, Gg, Gg, Gg, Gg, Gg, Gg, Gg, Gg, Gg, Gg, Gg, Urb, Gg, Gg, Gg, Gg, Gg, Gg, Gg, Gg, Gg, Gg, Gg, Gg, Gg, Ch, Ch, Ch, Ch, Ch, Ch, Urb, Urb, Urb, Urb, Gg, Urb, Gg, Gg, Gg, Gg, Re, Re, Re, Gll^Fp, Gll^Fp, Gll^Fp, Gll^Fp, Gll^Fp, Gll^Fp, Gll^Fp, Gll^Fp, Gll^Fp, Gll^Fp, Gll^Fp, Gll^Fp, Gll^Fp, Gll^Fp, Rb, Re, Re, Gg, Gg, Gg, Gg, Gg, Gg, Gg, Gg, Gg, Gg, Gg, Gg, Gg, Gg, Gg, Gg
Rr^Vhc, Rr^Vhc, Rr^Vhc, Rr^Vhc, Rr^Vhc, Rr^Vhc, Rr^Vhc, Rr^Vhc, Rr^Vhc, Rr^Vhc, Rr^Vhc, Rr^Vhc, Cf, Cf, Wo^Bsb\, Wo, Gg, Gg, Gg, Gg, Gg, Gg, Gg, Gg, Gg, Gg, Gg, Gg, Gg, Gg, Gg, Gg, Gg, Gg, Gg, Gg, Urb, Gg, Gg, Gg, Gg, Gg, Gg, Gg, Gg, Gg, Gg, Gg, Gg, Ch, Ch, Ch, Kh, Kh, Kh, Ch, Ch, Gg, Gg, Gg, Gg, Gg, Gg, Gg, Gg, Gg, Gg, Re, Re, Re, Re, Gll^Fp, Gll^Fp, Gll^Fp, Gll^Fp, Gll^Fp, Gll^Fp, Gll^Fp, Gll^Fp, Gll^Fp, Gll^Fp, Gll^Fp, Re, Rb, Urb, Gg, Gg, Gg, Gg, Gg, Gg, Gg, Gg, Gg, Gg, Gg, Gg, Gg, Gg, Gg, Gg, Gg
Rr^Vhc, Rr^Vhc, Rr^Vhc, Rr^Vhc, Rr^Vhc, Rr^Vhc, Rr^Vhc, Rr^Vhc, Rr^Vhc, Rr^Vhc, Cf, Cf, Wo, Ww^Ewf, Wo, Urb, Urb, Gg, Gg, Gg, Gg, Gg, Gg, Gg, Gg, Gg, Gg, Gg, Gg, Gg, Gg, Gg, Gg, Gg, Gg, Gg, Urb, Gg, Gg, Gg, Gg, Gg, Gg, Gg, Gg, Gg, Gg, Gg, Gg, Ch, Ch, Ch, Kh, Kh, Kh, Ch, Ch, Gg, Gg, Gg, Gg, Gg, Gg, Gg, Gg, Gg, Gg, Gg, Gg, Re, Re, Gll^Fp, Gll^Fp, Gll^Fp, Gll^Fp, Gll^Fp, Re, Gll^Fp, Re, Re, Re, Re, Gg, Gg, Gg, Urb, Urb, Gg, Gg, Gg, Gg, Gg, Gg, Gg, Gg, Gg, Gg, Gg, Gg, Gg, Gg, Gg
Rr^Vhc, Rr^Vhc, Rr^Vhc, Rr^Vhc, Rr^Vhc, Rr^Vhc, Rr^Vhc, Rr^Vhc, Cf, Cf, Wo, Wo, Wo, Wo, Ww^Ewl, Wo, Urb, Gg, Gg, Gg, Gg, Gg, Gg, Gg, Gg, Gg, Gg, Gg, Gg, Gg, Gg, Gg, Gg, Gg, Gg, Gg, Urb, Gg, Gg, Gg, Gg, Gg, Gg, Gg, Gg, Gg, Gg, Gg, Gg, Ch, Ch, Ch, Ch, Kh, Ch, Ch, Gg, Gg, Gg, Gg, Gg, Gg, Gg, Gg, Gg, Gg, Gg, Gg, Gg, Gg, Gg, Re, Re, Re, Re, Re, Re, Re, Gg, Re, Gg, Gg, Gg, Gg, Gg, Gg, Gg, Urb, Gg, Gg, Gg, Gg, Gg, Gg, Mm, Gg, Mm, Gg, Mm, Mm, Mm, Gg
Rr^Vhc, Rr^Vhc, Rr^Vhc, Rr^Vhc, Cf, Cf, Cf, Cf, Wo, Wo, Ww^Ewf, Ww^Ewl, Wo, Ww^Ewf, Wo, Wo, Urb, Gg, Gg, Gg, Gg, Gg, Gg, Gg, Gg, Gg, Gg, Gg, Gg, Gg, Gg, Gg, Gg, Gg, Gg, Gg, Urb, Gg, Gg, Gg, Gg, Gg, Gg, Gg, Gg, Gg, Gg, Gg, Gg, Gg, Urb, Ch, Ch, Ch, Ch, Ch, Gg, Gg, Gg, Gg, Gg, Gg, Gg, Gg, Gg, Gg, Gg, Gg, Gg, Gg, Gg, Gg, Gg, Re, Gg, Re, Gg, Gg, Gg, Gg, Gg, Gg, Gg, Gg, Gg, Gg, Gg, Urb, Gg, Gg, Mm, Gg, Mm, Mm, Mm, Mm, Mm, Mm, Mm, Mm, Mm, Mm
Rr^Vhc, Rr^Vhc, Cf, Cf, Wo, Wo, Wo, Wo, Wo, Wo, Gg, Wo, Wog, Wo, Gg, Urb, Gg, Gg, Gg, Gg, Gg, Gg, Gg, Gg, Gg, Gg, Gg, Gg, Gg, Gg, Gg, Gg, Gg, Gg, Gg, Gg, Urb, Gg, Gg, Gg, Gg, Gg, Gg, Gg, Gg, Gg, Gg, Gg, Urb, Urb, Gg, Gg, Gg, Ch, Gg, Gg, Gg, Gg, Gg, Gg, Gg, Gg, Gg, Gg, Gg, Gg, Gg, Gg, Gg, Gg, Gg, Gg, Gg, Gg, Gg, Gg, Gg, Gg, Gg, Gg, Gg, Gg, Gg, Gg, Gg, Gg, Gg, Urb, Mm, Mm, Mm, Mm, Mm, Mm, Mm, Mm, Mm, Mm, Mm, Mm, Mm, Mm
Cf, Cf, Wo, Wo, Gg, Gg, Gg, Gg, Gg, Wo, Gg, Wog, Gg, Wo, Gg, Urb, Gg, Gg, Gg, Gg, Gg, Gg, Gg, Gg, Gg, Gg, Gg, Gg, Gg, Gg, Gg, Gg, Gg, Gg, Gg, Gg, Urb, Gg, Gg, Gg, Gg, Gg, Gg, Gg, Gg, Gg, Urb, Urb, Gg, Gg, Gg, Gg, Gg, Gg, Gg, Gg, Gg, Gg, Gg, Gg, Gg, Gg, Gg, Gg, Gg, Gg, Gg, Gg, Gg, Gg, Gg, Gg, Gg, Gg, Gg, Gg, Gg, Gg, Gg, Gg, Gg, Gg, Gg, Gg, Gg, Gg, Mm, Urb, Urb, Mm, Mm, Mm, Mm, Mm, Mm, Mm, Mm, Mm, Mm, Mm, Mm, Mm
Wo, Wo, Ww^Ewl, Wo, Gg, Gg, Gg, Gg, Gg, Wo, Wo, Wog, Wo, Wo, Gg, Urb, Gg, Gg, Gg, Gg, Gg, Gg, Gg, Gg, Gg, Gg, Gg, Gg, Gg, Gg, Gg, Gg, Gg, Gg, Gg, Gg, Gg, Urb, Gg, Gg, Gg, Gg, Gg, Gg, Urb, Urb, Gg, Gg, Gg, Gg, Gg, Gg, Gg, Gg, Gg, Gg, Gg, Gg, Gg, Gg, Gg, Gg, Gg, Gg, Gg, Gg, Gg, Gg, Gg, Gg, Gg, Gg, Gg, Gg, Gg, Gg, Gg, Gg, Gg, Gg, Gg, Gg, Gg, Gg, Mm, Mm, Mm, Mm, Urb, Mm, Mm, Mm, Mm, Mm, Mm, Mm, Mm, Mm, Mm, Mm, Mm, Mm
Wo, Wo, Gg, Gg, Gg, Gg, Gg, Gg, Gg, Gg, Gg, Wo, Gg, Gg, Urb, Urb, Gg, Gg, Gg, Gg, Gg, Gg, Gg, Gg, Gg, Gg, Gg, Gg, Gg, Gg, Gg, Gg, Gg, Gg, Gg, Gg, Gg, Urb, Gg, Gg, Gg, Gg, Urb, Urb, Gg, Gg, Gg, Gg, Gg, Gg, Gg, Gg, Gg, Gg, Gg, Gg, Gg, Gg, Gg, Gg, Gg, Gg, Gg, Gg, Gg, Gg, Gg, Gg, Gg, Gg, Gg, Gg, Gg, Gg, Gg, Gg, Gg, Gg, Gg, Gg, Gg, Gg, Mm, Mm, Mm, Mm, Mm, Mm, Mm, Urb, Mm, Mm, Mm, Mm, Mm, Mm, Mm, Mm, Mm, Mm, Mm, Mm
Gg, Gg, Gg, Gg, Gg, Gg, Gg, Gg, Gg, Gg, Gg, Gg, Gg, Urb, Gg, Gg, Gg, Gg, Gg, Gg, Gg, Gg, Gg, Gg, Gg, Gg, Gg, Gg, Gg, Gg, Gg, Gg, Gg, Gg, Gg, Gg, Gg, Urb, Gg, Gg, Urb, Urb, Gg, Gg, Gg, Gg, Gg, Gg, Gg, Gg, Gg, Gg, Gg, Gg, Gg, Gg, Gg, Gg, Gg, Gg, Gg, Gg, Gg, Gg, Gg, Gg, Gg, Gg, Gg, Gg, Gg, Gg, Gg, Gg, Gg, Gg, Gg, Gg, Gg, Gg, Mm, Gg, Mm, Mm, Mm, Mm, Mm, Mm, Mm, Urb, Mm, Mm, Mm, Mm, Mm, Mm, Mm, Mm, Mm, Mm, Mm, Mm
Gg, Gg, Gg, Gg, Gg, Gg, Gg, Gg, Gg, Gg, Gg, Gg, Gg, Urb, Gg, Gg, Gg, Gg, Gg, Gg, Gg, Gg, Gg, Gg, Gg, Gg, Gg, Gg, Gg, Gg, Gg, Gg, Gg, Gg, Gg, Gg, Gg, Urb, Urb, Urb, Gg, Gg, Gg, Gg, Gg, Gg, Gg, Gg, Gg, Gg, Gg, Gg, Gg, Gg, Gg, Gg, Gg, Gg, Gg, Gg, Gg, Gg, Gg, Gg, Gg, Gg, Gg, Gg, Gg, Gg, Gg, Gg, Gg, Gg, Gg, Gg, Gg, Gg, Gg, Gg, Mm, Mm, Mm, Mm, Mm, Mm, Mm, Mm, Mm, Urb, Mm, Mm, Mm, Mm, Mv, Mm, Mm, Mm, Mm, Mm, Mm, Mm
Gll^Ftr, Gll^Ftr, Gll^Ftr, Gg, Gg, Gg, Gg, Gg, Gg, Gg, Gg, Gg, Gg, Urb, Gg, Gg, Gg, Gg, Gg, Gg, Gg, Gg, Gg, Gg, Gg, Gg, Gg, Gg, Gg, Gg, Gg, Gg, Gg, Gg, Gg, Gg, Gg, Gg, Urb, Gg, Gg, Gg, Gg, Gg, Gg, Gg, Gg, Gg, Gg, Gg, Gg, Gg, Gg, Gg, Gg, Gg, Gg, Gg, Gg, Gg, Gg, Gg, Gg, Gg, Gg, Gg, Gg, Gg, Gg, Gg, Gg, Gg, Gg, Gg, Gg, Gg, Gg, Gg, Mm, Mm, Mm, Mm, Mm, Mm, Mm, Mv, Mm, Mm, Mm, Urb, Mm, Mm, Mm, Mm, Mm, Mm, Mm, Mm, Mm, Mm, Mm, Mm
Gll^Ftr, Gll^Ftr, Gll^Ftr, Gll^Ftr, Gg, Gg, Gg, Gg, Gg, Gg, Gg, Gg, Gg, Urb, Cf, Gg, Cf, Gg, Gg, Gg, Cf, Gg, Cf, Gg, Cf, Gg, Gg, Gg, Gg, Gg, Gg, Gg, Gg, Gg, Gg, Gg, Gg, Gg, Gg, Urb, Gg, Gg, Gg, Gg, Gg, Gg, Gg, Gg, Gg, Gg, Gg, Gg, Gg, Gg, Gg, Gg, Gg, Gg, Gg, Gg, Gg, Gg, Gg, Gg, Gg, Gg, Gg, Gg, Gg, Gg, Gg, Gg, Gg, Gg, Gg, Gg, Gg, Gg, Mm, Mm, Mm, Mm, Mm, Mm, Mm, Mm, Mm, Mm, Mm, Urb, Mm, Mm, Mm, Mm, Mm, Mm, Mm, Mm, Mm, Mm, Mm, Mm
Gll^Ftr, Gll^Ftr, Gll^Ftr, Gll^Ftr, Gg, Gg, Gg, Gg, Gg, Gg, Gg, Gg, Cf, Urb, Rr^Vhc, Cf, Rr^Vhc, Cf, Cf, Cf, Rr^Vhc, Cf, Rr^Vhc, Cf, Rr^Vhc, Cf, Cf, Cf, Gg, Gg, Gg, Gg, Gg, Gg, Gg, Gg, Mm, Mm, Mm, Urb, Mm, Gg, Mm, Gg, Gg, Gg, Gg, Gg, Gg, Gg, Gg, Gg, Gg, Gg, Gg, Gg, Gg, Gg, Gg, Gg, Gg, Gg, Gg, Gg, Gg, Gg, Gg, Gg, Gg, Gg, Gg, Gg, Gg, Gg, Gg, Gg, Mm, Mm, Mm, Mm, Mm, Mm, Mm, Mm, Mm, Mm, Mm, Mm, Mm, Urb, Mm, Mm, Mm, Mm, Mm, Mm, Mm, Mm, Mv, Mm, Mm, Mm
Gll^Ftr, Gll^Ftr, Gll^Ftr, Gll^Ftr, Gg, Gg, Gg, Gg, Gg, Gg, Gg, Gg, Cf, Rr^Vhc, Rr^Vhc, Rr^Vhc, Rr^Vhc, Rr^Vhc, Rr^Vhc, Rr^Vhc, Rr^Vhc, Rr^Vhc, Rr^Vhc, Rr^Vhc, Rr^Vhc, Rr^Vhc, Rr^Vhc, Cf, Gg, Gg, Gg, Gg, Gg, Gg, Mm, Mm, Mm, Mm, Mm, Urb, Mm, Mm, Mm, Mm, Mm, Gg, Gg, Gg, Gg, Gg, Gg, Gg, Gg, Gg, Gg, Gg, Gg, Gg, Gg, Gg, Gg, Gg, Gg, Gg, Gg, Gg, Gg, Gg, Gg, Gg, Gg, Gg, Gg, Gg, Mm, Mm, Mm, Mm, Mm, Mm, Mm, Mm, Mm, Mm, Mm, Mm, Mm, Mm, Mm, Urb, Mm, Mm, Mm, Mm, Mv, Mm, Mm, Mm, Mm, Mm, Mm, Mm
Gll^Ftr, Gll^Ftr, Gll^Ftr, Gll^Ftr, Gll^Ftr, Gg, Gg, Gg, Gg, Gg, Cf, Cf, Rr^Vhc, Rr^Wm, Rr^Vhc, Rr^Vhc, Rr^Vhc, Rr^Vhc, Rr^Vhc, Rr^Vhc, Rr^Vhc, Rr^Vhc, Rr^Vhc, Rr^Vhc, Rr^Vhc, Rr^Vhc, Rr^Vhc, Cf, Cf, Gg, Gg, Gg, Gg, Mm, Mm, Mm, Mm, Mm, Ww^Vm, Ww^Vm, Ww^Vm, Mm, Mm, Mm, Mm, Mm, Gg, Gg, Gg, Gg, Gg, Gg, Gg, Gg, Gg, Gg, Gg, Gg, Gg, Gg, Gg, Gg, Gg, Gg, Gg, Gg, Gg, Gg, Gg, Gg, Gg, Gg, Mm, Mm, Mm, Mm, Mm, Mm, Mm, Mm, Mm, Mm, Mm, Mm, Mm, Mv, Mm, Mm, Mm, Urb, Mm, Mm, Mm, Mm, Mm, Mm, Mm, Mm, Mm, Mm, Mm, Gg
Gll^Ftr, Gll^Ftr, Gll^Ftr, Gll^Ftr, Gll^Ftr, Gg, Gg, Gg, Gg, Cf, Rr^Vhc, Rr^Vhc, Rr^Vhc, Rr^Vhc, Rr^Vhc, Rr^Vhc, Rr^Vhc, Ww, Ww, Ww, Ww, Rr^Vhc, Rr^Vhc, Rr^Vhc, Rr^Wm, Rr^Vhc, Rr^Vhc, Rr^Vhc, Urb, Gg, Urb, Gg, Mm, Mm, Gg, Mm, Ww^Vm, Ww^Vm, Wo, Ww^Vm, Ww^Vm, Ww^Vm, Ww^Vm, Mm, Mm, Mm, Gg, Gg, Gg, Gg, Gg, Gg, Gg, Gg, Gg, Gg, Gg, Gg, Gg, Gg, Gg, Gg, Gg, Gg, Gg, Gg, Gg, Gg, Gg, Gg, Gg, Mm, Mm, Mm, Mm, Mm, Mm, Mm, Mm, Mm, Mm, Mm, Mm, Mm, Mm, Mm, Mm, Mm, Mm, Urb, Qxua, Mm, Qxua, Mm, Qxua, Mm, Mm, Mm, Mm, Mm, Qxua, Mm
Gll^Ftr, Gll^Ftr, Gll^Ftr, Gll^Ftr, Gll^Ftr, Gll^Ftr, Gg, Gg, Gg, Cf, Rr^Vhc, Rr^Vhc, Rr^Wm, Rr^Vhc, Rr^Vhc, Rr^Vhc, Ww, Ww^Bw\, Ww^Bw\, Ww, Ww, Ww, Rr^Vhc, Rr^Vhc, Gs^Fds, Rr^Vhc, Rr^Vhc, Rr^Vhc, Cf, Urb, Gg, Urb, Gg, Mm, Mm, Mm, Ww^Vm, Ww^Vm, Ww^Vm, Ww^Vm, Wo, Wo, Ww^Vm, Mm, Mm, Gg, Gg, Gg, Gg, Gg, Gg, Gg, Gg, Gg, Gg, Gg, Gg, Gg, Gg, Gg, Gg, Gg, Gg, Gg, Gg, Gg, Gg, Gg, Gg, Gg, Mm, Mm, Mm, Mm, Mm, Mm, Mm, Mm, Mm, Mm, Mm, Mm, Mm, Mm, Mm, Mm, Qxua, Mm, Qxua, Urb, Qxua, Qxua, Qxua, Qxua, Qxua, Qxua, Qxua, Qxua, Qxua, Qxua, Qxua, Qxua
Gll^Ftr, Gll^Ftr, Gll^Ftr, Gll^Ftr, Gll^Ftr, Gll^Ftr, Gg, Gg, Gg, Cf, Rr^Vhc, Rr^Vhc, Rr^Vhc, Rr^Vhc, Rr^Vhc, Rr^Vhc, Rr^Vhc, Ww, Ww, Ww^Bw\, Ww^Bw\, Rr^Vhc, Rr^Vhc, Rr^Vhc, Rr^Vhc, Rr^Vhc, Rr^Vhc, Rr^Vhc, Cf, Gg, Gg, Urb, Urb, Gg, Urb, Mm, Urb, Ww^Vm, Wot, Wot, Ww^Vm, Ww^Vm, Mm, Mm, Gg, Gg, Wo, Gg, Wo, Gg, Gg, Gg, Gg, Gg, Gg, Gg, Wo, Gg, Wo, Wo, Wo, Wo, Wo, Gg, Gg, Gg, Gg, Gg, Mm, Mm, Mm, Mm, Mm, Mm, Mm, Mm, Mm, Mm, Mm, Mv, Mm, Mm, Mm, Mm, Qxua, Qxua, Qxua, Qxua, Qxua, Qxua, Qxua, Qxua, Qxua, Qxua, Qxua, Qxua, Qxua, Qxua, Qxua, Qxua, Qxua, Qxua
Gll^Ftr, Gll^Ftr, Gll^Ftr, Gll^Ftr, Gll^Ftr, Gg, Gg, Gg, Gg, Cf, Cf, Rr^Vhc, Rr^Vhc, Rr^Vhc, Rr^Vhc, Rr^Vhc, Rr^Wm, Rr^Vhc, Rr^Vhc, Ww, Rr^Vhc, Rr^Vhc, Rr^Vhc, Rr^Vhc, Rr^Vhc, Rr^Vhc, Rr^Vhc, Rr^Vhc, Ww, Gg, Gg, Gg, Urb, Urb, Urb, Urb, Urb, Urb, Wot, Wot, Wo, Mm, Mm, Mm, Wo, Wo, Ss, Wo, Ss, Wo, Ss, Wo, Wo, Gg, Wo, Wo, Wo, Wo, Wo, Wo, Wo, Wo, Wo, Wo, Wo, Gg, Gg, Mm, Mm, Mm, Mm, Mm, Mm, Mm, Mm, Mm, Mm, Mm, Mm, Mm, Mm, Mm, Qxua, Qxua, Qxua, Qxua, Qxua, Qxua, Qxua, Qxua, Qxua, Qxua, Qxua, Qxua, Qxua, Qxua, Qxua, Qxua, Qxua, Qxua, Qxua, Qxua
Gll^Ftr, Gll^Ftr, Gll^Ftr, Gll^Ftr, Gll^Ftr, Gll^Ftr, Gg, Gg, Gg, Gg, Gg, Cf, Cf, Rr^Vhc, Rr^Vhc, Rr^Vhc, Rr^Vhc, Rr^Vhc, Rr^Vhc, Ww, Ww, Rr^Vhc, Rr^Vhc, Rr^Vhc, Ww, Wot^Bw\, Wot^Bw\, Ww, Ww, Ww, Ww, Gg, Ww, Wot^Bw\, Wot^Bw\, Wot, Wot, Wot, Wot, Wo, Wot, Wo, Wo, Ww, Wo, Ss, Ss, Ss, Ss, Ss, Ss, Wo, Wo, Wo, Wo, Wo, Wo, Wo, Wo, Wo, Wo, Wo, Wo, Wo, Wo, Wo, Mm, Mm, Mm, Mm, Mm, Mm, Mm, Mm, Mm, Mm, Mm, Mm, Mm, Mm, Mm, Qxua, Qxua, Qxua, Qxua, Qxua, Qxua, Qxua, Qxua, Qxua, Qxua, Qxua, Qxua, Qxua, Qxua, Qxua, Qxua, Qxua, Qxua, Qxua, Qxua, Qxua
Gll^Ftr, Gll^Ftr, Gll^Ftr, Gll^Ftr, Wo, Gll^Ftr, Gll^Ftr, Gg, Gg, Gg, Gg, Gg, Gg, Cf, Cf, Rr^Vhc, Rr^Vhc, Rr^Vhc, Rr^Vhc, Rr^Vhc, Ww, Rr^Vhc, Wot^Bw\, Wot^Bw\, Wot^Bw\, Ww, Ww, Wot^Bw\, Wot^Bw\, Ww, Ww, Ww, Wo, Wot, Wot, Wot^Bw\, Kv, Wot, Wot, Wot, Wot, Ww, Ww, Wo, Wo, Ss, Ss, Ss, Ss, Ss, Wo, Wo, Wo, Wo, Wo, Wo, Wo, Wo, Wo, Wo, Wo, Wo, Wo, Wo, Wo, Wo, Wo, Mm, Mm, Mm, Mm, Mm, Mm, Mm, Mm, Mm, Mm, Mm, Mm, Mm, Qxua, Qxua, Qxua, Qxua, Qxua, Qxua, Qxua, Qxua, Qxua, Qxua, Qxua, Qxua, Qxua, Qxua, Qxua, Qxua, Qxua, Qxua, Qxua, Qxua, Qxua, Qxua
Wo, Wo, Wo, Wo, Wo, Gll^Ftr, Gll^Ftr, Wwr, Wwr, Wwr, Wwr, Wwr, Wo, Wo, Wo, Cf, Ww, Wot^Bw\, Wot^Bw\, Wot^Bw\, Wot^Bw\, Ww, Ww, Ww, Ww, Ww, Ww, Ww, Ww, Ww, Ww, Ww, Wo, Wo, Wo, Kv, Kv, Kv, Wo, Wo, Wo, Wo, Wo, Wo, Wo, Wog, Wog, Wog, Wo, Wo, Wo, Wo, Wo, Wo, Wo, Wo, Wo, Wo, Wo, Wo, Wo, Wo, Wo, Wo, Wo, Wo, Wo, Mm, Mm, Mm, Mm, Mm, Mm, Mm, Mm, Mm, Mm, Mm, Mv, Qxua, Qxua, Qxua, Qxua, Qxua, Qxua, Qxua, Qxua, Qxua, Qxua, Qxua, Gll^Ftr, Qxua, Qxua, Qxua, Qxua, Qxua, Qxua, Qxua, Qxua, Qxua, Qxua, Qxua
Wo, Wo, Wo, Wo, Wo, Wo, Wo, Wwr, Wwr, Wwr, Wwr, Wwr, Wo, Wo, Wo, Wo, Ww, Ww, Ww, Wot^Bw\, Wot^Bw\, Wot^Bw\, Ww, Ww, Ww, Ww, Ww, Ww, Ww, Ww, Wo, Wo, Wo, Wo, Wo, Wo, Wo, Wo, Wo, Wo, Wo, Wo, Wo, Wo, Wo, Wog, Wog, Wog, Wo, Wo, Wo, Wo, Wo, Wo, Wo, Wo, Wo, Wo, Wo, Wo, Wo, Wo, Wo, Wo, Wo, Wo, Wo, Mm, Mm, Mm, Mm, Mm, Mm, Mm, Mm, Mm, Mm, Mm, Qxua, Qxua, Qxua, Qxua, Qxua, Qxua, Qxua, Qxua, Qxua, Qxua, Qxua, Gll^Ftr, Gll^Ftr, Gll^Ftr, Qxua, Qxua, Qxua, Qxua, Qxua, Qxua, Qxua, Qxua, Qxua, Qxua
Gs^Ft, Gs^Ft, Gs^Ft, Wo, Gs^Ft, Wo, Wo, Wo, Wo, Wo, Wo, Wo, Wo, Wo, Wo, Wo, Wo, Ww, Ww, Ww, Ww, Ww, Ww, Ww, Ww, Ww, Ww, Ww, Wo, Wo, Wo, Wo, Wo, Wo, Wo, Wo, Wo, Wo, Wo, Wo, Wo, Wo, Wo, Wo, Wo, Wo, Wo, Wo, Wo, Wo, Wo, Wo, Wo, Wo, Wo, Wo, Wo, Wo, Wo, Wo, Wo, Wo, Wo, Wo, Wo, Wo, Wo, Wo, Wo, Mm, Mm, Mm, Mm, Mm, Mm, Mm, Mm, Mm, Qxua, Qxua, Qxua, Qxua, Qxua, Qxua, Qxua, Qxua, Qxua, Qxua, Qxua, Gll^Ftr, Gll^Ftr, Gll^Ftr, Qxua, Qxua, Qxua, Qxua, Qxua, Qxua, Qxua, Qxua, Qxua, Qxua
Gs^Ft, Gs^Ft, Gs^Ft, Gs^Ft, Gs^Ft, Gs^Ft, Wo, Wo, Wo, Wo, Wo, Wo, Wo, Wo, Wo, Wo, Wo, Wo, Wo, Ww, Ww, Ww, Ww, Ww, Ww, Ww, Wo, Wo, Wo, Wo, Wo, Wo, Wo, Wo, Wo, Wo, Wo, Wo, Wo, Wo, Wo, Wo, Wo, Wo, Wo, Wo, Wo, Wo, Wo, Wo, Wo, Wo, Wo, Wo, Wo, Wo, Wo, Wo, Wo, Wo, Wo, Wo, Wo, Wo, Wo, Wo, Wo, Wo, Wo, Wo, Mm, Mm, Mm, Mm, Mv, Mm, Mm, Qxua, Qxua, Qxua, Qxua, Qxua, Qxua, Qxua, Qxua, Qxua, Qxua, Qxua, Qxua, Qxua, Qxua, Qxua, Qxua, Qxua, Qxua, Qxua, Qxua, Qxua, Qxua, Qxua, Qxua, Qxua
Gs^Ft, Gs^Ft, Gs^Ft, Gs^Ft, Gs^Ft, Gs^Ft, Gs^Ft, Wo, Wo, Wo, Wo, Wo, Wo, Wo, Wo, Wo, Wo, Wo, Wo, Wo, Wo, Wo, Wo, Wo, Wo, Wo, Wo, Wo, Wo, Wo, Wo, Wo, Wo, Wo, Wo, Wo, Wo, Wo, Wo, Wo, Wo, Wo, Wo, Wo, Wo, Wo, Wo, Wo, Wo, Wo, Wo, Wo, Wo, Wo, Wo, Wo, Wo, Wo, Wo, Wo, Wo, Wo, Wo, Wo, Wo, Wo, Wo, Wo, Wo, Mm, Mm, Mm, Mm, Mm, Mm, Mm, Mm, Qxua, Qxua, Qxua, Qxua, Qxua, Qxua, Qxua, Qxua, Qxua, Qxua, Qxua, Qxua, Qxua, Qxua, Qxua, Qxua, Qxua, Qxua, Qxua, Qxua, Qxua, Qxua, Qxua, Qxua, Qxua
Gs^Ft, Gs^Ft, Gs^Ft, Gs^Ft, Gs^Ft, Gs^Ft, Gs^Ft, Wo, Wo, Wo, Wo, Wo, Wo, Wo, Wo, Wo, Wo, Wo, Wo, Wo, Wo, Wo, Wo, Wo, Wo, Wo, Wo, Wo, Wo, Wo, Wo, Wo, Wo, Wo, Wo, Wo, Wo, Wo, Wo, Wo, Wo, Wo, Wo, Wo, Wo, Wo, Wo, Wo, Wo, Wo, Wo, Wo, Wo, Wo, Wo, Wo, Wo, Wo, Wo, Wo, Wo, Wo, Wo, Wo, Wo, Wo, Wo, Wo, Wo, Wo, Mm, Mm, Mm, Mm, Mm, Mm, Qxua, Qxua, Qxua, Qxua, Qxua, Qxua, Qxua, Qxua, Qxua, Qxua, Qxua, Qxua, Qxua, Qxua, Qxua, Qxua, Qxua, Qxua, Qxua, Qxua, Qxua, Qxua, Qxua, Qxua, Qxua, Qxua
Wo, Gs^Ft, Wo, Gs^Ft, Wo, Gs^Ft, Wo, Gs^Ft, Wo, Wo, Wo, Wo, Wo, Wo, Wo, Wo, Wo, Wo, Wo, Wo, Wo, Wo, Wo, Wo, Wo, Wo, Wo, Wo, Wo, Wo, Wo, Wo, Wo, Wo, Wo, Wo, Wo, Wo, Wo, Wo, Wo, Wo, Wo, Wo, Wo, Wo, Wo, Wo, Wo, Wo, Wo, Wo, Wo, Wo, Wo, Wo, Wo, Wo, Wo, Wo, Wo, Wo, Wo, Wo, Wo, Wo, Wo, Wo, Gg, Mm, Gg, Mm, Mm, Mm, Mm, Mm, Qxua, Qxua, Qxua, Qxua, Qxua, Qxua, Qxua, Qxua, Qxua, Qxua, Qxua, Qxua, Qxua, Qxua, Qxua, Qxua, Qxua, Qxua, Qxua, Qxua, Qxua, Qxua, Qxua, Qxua, Qxua, Qxua
